16:02:44 **** Build of project bb_LED_TEST_bsp ****
make -k all 
"Running Make include in ps7_cortexa9_0/libsrc/coresightps_dcc_v1_4/src"
make -C ps7_cortexa9_0/libsrc/coresightps_dcc_v1_4/src -s include  "SHELL=CMD" "COMPILER=arm-none-eabi-gcc" "ARCHIVER=arm-none-eabi-ar" "COMPILER_FLAGS=  -O2 -c" "EXTRA_COMPILER_FLAGS=-mcpu=cortex-a9 -mfpu=vfpv3 -mfloat-abi=hard -nostartfiles -g -Wall -Wextra"
"Running Make include in ps7_cortexa9_0/libsrc/cpu_cortexa9_v2_7/src"
make -C ps7_cortexa9_0/libsrc/cpu_cortexa9_v2_7/src -s include  "SHELL=CMD" "COMPILER=arm-none-eabi-gcc" "ARCHIVER=arm-none-eabi-ar" "COMPILER_FLAGS=  -O2 -c" "EXTRA_COMPILER_FLAGS=-mcpu=cortex-a9 -mfpu=vfpv3 -mfloat-abi=hard -nostartfiles -g -Wall -Wextra"
"Running Make include in ps7_cortexa9_0/libsrc/ddrps_v1_0/src"
make -C ps7_cortexa9_0/libsrc/ddrps_v1_0/src -s include  "SHELL=CMD" "COMPILER=arm-none-eabi-gcc" "ARCHIVER=arm-none-eabi-ar" "COMPILER_FLAGS=  -O2 -c" "EXTRA_COMPILER_FLAGS=-mcpu=cortex-a9 -mfpu=vfpv3 -mfloat-abi=hard -nostartfiles -g -Wall -Wextra"
"Running Make include in ps7_cortexa9_0/libsrc/devcfg_v3_5/src"
make -C ps7_cortexa9_0/libsrc/devcfg_v3_5/src -s include  "SHELL=CMD" "COMPILER=arm-none-eabi-gcc" "ARCHIVER=arm-none-eabi-ar" "COMPILER_FLAGS=  -O2 -c" "EXTRA_COMPILER_FLAGS=-mcpu=cortex-a9 -mfpu=vfpv3 -mfloat-abi=hard -nostartfiles -g -Wall -Wextra"
"Running Make include in ps7_cortexa9_0/libsrc/dmaps_v2_4/src"
make -C ps7_cortexa9_0/libsrc/dmaps_v2_4/src -s include  "SHELL=CMD" "COMPILER=arm-none-eabi-gcc" "ARCHIVER=arm-none-eabi-ar" "COMPILER_FLAGS=  -O2 -c" "EXTRA_COMPILER_FLAGS=-mcpu=cortex-a9 -mfpu=vfpv3 -mfloat-abi=hard -nostartfiles -g -Wall -Wextra"
"Running Make include in ps7_cortexa9_0/libsrc/emacps_v3_8/src"
make -C ps7_cortexa9_0/libsrc/emacps_v3_8/src -s include  "SHELL=CMD" "COMPILER=arm-none-eabi-gcc" "ARCHIVER=arm-none-eabi-ar" "COMPILER_FLAGS=  -O2 -c" "EXTRA_COMPILER_FLAGS=-mcpu=cortex-a9 -mfpu=vfpv3 -mfloat-abi=hard -nostartfiles -g -Wall -Wextra"
"Running Make include in ps7_cortexa9_0/libsrc/gpiops_v3_4/src"
make -C ps7_cortexa9_0/libsrc/gpiops_v3_4/src -s include  "SHELL=CMD" "COMPILER=arm-none-eabi-gcc" "ARCHIVER=arm-none-eabi-ar" "COMPILER_FLAGS=  -O2 -c" "EXTRA_COMPILER_FLAGS=-mcpu=cortex-a9 -mfpu=vfpv3 -mfloat-abi=hard -nostartfiles -g -Wall -Wextra"
"Running Make include in ps7_cortexa9_0/libsrc/gpio_v4_3/src"
make -C ps7_cortexa9_0/libsrc/gpio_v4_3/src -s include  "SHELL=CMD" "COMPILER=arm-none-eabi-gcc" "ARCHIVER=arm-none-eabi-ar" "COMPILER_FLAGS=  -O2 -c" "EXTRA_COMPILER_FLAGS=-mcpu=cortex-a9 -mfpu=vfpv3 -mfloat-abi=hard -nostartfiles -g -Wall -Wextra"
"Running Make include in ps7_cortexa9_0/libsrc/qspips_v3_5/src"
make -C ps7_cortexa9_0/libsrc/qspips_v3_5/src -s include  "SHELL=CMD" "COMPILER=arm-none-eabi-gcc" "ARCHIVER=arm-none-eabi-ar" "COMPILER_FLAGS=  -O2 -c" "EXTRA_COMPILER_FLAGS=-mcpu=cortex-a9 -mfpu=vfpv3 -mfloat-abi=hard -nostartfiles -g -Wall -Wextra"
"Running Make include in ps7_cortexa9_0/libsrc/scugic_v3_10/src"
make -C ps7_cortexa9_0/libsrc/scugic_v3_10/src -s include  "SHELL=CMD" "COMPILER=arm-none-eabi-gcc" "ARCHIVER=arm-none-eabi-ar" "COMPILER_FLAGS=  -O2 -c" "EXTRA_COMPILER_FLAGS=-mcpu=cortex-a9 -mfpu=vfpv3 -mfloat-abi=hard -nostartfiles -g -Wall -Wextra"
"Running Make include in ps7_cortexa9_0/libsrc/scutimer_v2_1/src"
make -C ps7_cortexa9_0/libsrc/scutimer_v2_1/src -s include  "SHELL=CMD" "COMPILER=arm-none-eabi-gcc" "ARCHIVER=arm-none-eabi-ar" "COMPILER_FLAGS=  -O2 -c" "EXTRA_COMPILER_FLAGS=-mcpu=cortex-a9 -mfpu=vfpv3 -mfloat-abi=hard -nostartfiles -g -Wall -Wextra"
"Running Make include in ps7_cortexa9_0/libsrc/scuwdt_v2_1/src"
make -C ps7_cortexa9_0/libsrc/scuwdt_v2_1/src -s include  "SHELL=CMD" "COMPILER=arm-none-eabi-gcc" "ARCHIVER=arm-none-eabi-ar" "COMPILER_FLAGS=  -O2 -c" "EXTRA_COMPILER_FLAGS=-mcpu=cortex-a9 -mfpu=vfpv3 -mfloat-abi=hard -nostartfiles -g -Wall -Wextra"
"Running Make include in ps7_cortexa9_0/libsrc/sdps_v3_6/src"
make -C ps7_cortexa9_0/libsrc/sdps_v3_6/src -s include  "SHELL=CMD" "COMPILER=arm-none-eabi-gcc" "ARCHIVER=arm-none-eabi-ar" "COMPILER_FLAGS=  -O2 -c" "EXTRA_COMPILER_FLAGS=-mcpu=cortex-a9 -mfpu=vfpv3 -mfloat-abi=hard -nostartfiles -g -Wall -Wextra"
"Running Make include in ps7_cortexa9_0/libsrc/standalone_v6_8/src"
make -C ps7_cortexa9_0/libsrc/standalone_v6_8/src -s include  "SHELL=CMD" "COMPILER=arm-none-eabi-gcc" "ARCHIVER=arm-none-eabi-ar" "COMPILER_FLAGS=  -O2 -c" "EXTRA_COMPILER_FLAGS=-mcpu=cortex-a9 -mfpu=vfpv3 -mfloat-abi=hard -nostartfiles -g -Wall -Wextra"
"Running Make include in ps7_cortexa9_0/libsrc/ttcps_v3_7/src"
make -C ps7_cortexa9_0/libsrc/ttcps_v3_7/src -s include  "SHELL=CMD" "COMPILER=arm-none-eabi-gcc" "ARCHIVER=arm-none-eabi-ar" "COMPILER_FLAGS=  -O2 -c" "EXTRA_COMPILER_FLAGS=-mcpu=cortex-a9 -mfpu=vfpv3 -mfloat-abi=hard -nostartfiles -g -Wall -Wextra"
"Running Make include in ps7_cortexa9_0/libsrc/uartps_v3_7/src"
make -C ps7_cortexa9_0/libsrc/uartps_v3_7/src -s include  "SHELL=CMD" "COMPILER=arm-none-eabi-gcc" "ARCHIVER=arm-none-eabi-ar" "COMPILER_FLAGS=  -O2 -c" "EXTRA_COMPILER_FLAGS=-mcpu=cortex-a9 -mfpu=vfpv3 -mfloat-abi=hard -nostartfiles -g -Wall -Wextra"
"Running Make include in ps7_cortexa9_0/libsrc/usbps_v2_4/src"
make -C ps7_cortexa9_0/libsrc/usbps_v2_4/src -s include  "SHELL=CMD" "COMPILER=arm-none-eabi-gcc" "ARCHIVER=arm-none-eabi-ar" "COMPILER_FLAGS=  -O2 -c" "EXTRA_COMPILER_FLAGS=-mcpu=cortex-a9 -mfpu=vfpv3 -mfloat-abi=hard -nostartfiles -g -Wall -Wextra"
"Running Make include in ps7_cortexa9_0/libsrc/xadcps_v2_3/src"
make -C ps7_cortexa9_0/libsrc/xadcps_v2_3/src -s include  "SHELL=CMD" "COMPILER=arm-none-eabi-gcc" "ARCHIVER=arm-none-eabi-ar" "COMPILER_FLAGS=  -O2 -c" "EXTRA_COMPILER_FLAGS=-mcpu=cortex-a9 -mfpu=vfpv3 -mfloat-abi=hard -nostartfiles -g -Wall -Wextra"
"Running Make libs in ps7_cortexa9_0/libsrc/coresightps_dcc_v1_4/src"
make -C ps7_cortexa9_0/libsrc/coresightps_dcc_v1_4/src -s libs  "SHELL=CMD" "COMPILER=arm-none-eabi-gcc" "ARCHIVER=arm-none-eabi-ar" "COMPILER_FLAGS=  -O2 -c" "EXTRA_COMPILER_FLAGS=-mcpu=cortex-a9 -mfpu=vfpv3 -mfloat-abi=hard -nostartfiles -g -Wall -Wextra"
"Compiling coresightps_dcc"
arm-none-eabi-ar: creating ../../../lib/libxil.a
"Running Make libs in ps7_cortexa9_0/libsrc/cpu_cortexa9_v2_7/src"
make -C ps7_cortexa9_0/libsrc/cpu_cortexa9_v2_7/src -s libs  "SHELL=CMD" "COMPILER=arm-none-eabi-gcc" "ARCHIVER=arm-none-eabi-ar" "COMPILER_FLAGS=  -O2 -c" "EXTRA_COMPILER_FLAGS=-mcpu=cortex-a9 -mfpu=vfpv3 -mfloat-abi=hard -nostartfiles -g -Wall -Wextra"
"Compiling cpu_cortexa9"
"Running Make libs in ps7_cortexa9_0/libsrc/ddrps_v1_0/src"
make -C ps7_cortexa9_0/libsrc/ddrps_v1_0/src -s libs  "SHELL=CMD" "COMPILER=arm-none-eabi-gcc" "ARCHIVER=arm-none-eabi-ar" "COMPILER_FLAGS=  -O2 -c" "EXTRA_COMPILER_FLAGS=-mcpu=cortex-a9 -mfpu=vfpv3 -mfloat-abi=hard -nostartfiles -g -Wall -Wextra"
"Compiling ddrps"
"Running Make libs in ps7_cortexa9_0/libsrc/devcfg_v3_5/src"
make -C ps7_cortexa9_0/libsrc/devcfg_v3_5/src -s libs  "SHELL=CMD" "COMPILER=arm-none-eabi-gcc" "ARCHIVER=arm-none-eabi-ar" "COMPILER_FLAGS=  -O2 -c" "EXTRA_COMPILER_FLAGS=-mcpu=cortex-a9 -mfpu=vfpv3 -mfloat-abi=hard -nostartfiles -g -Wall -Wextra"
"Compiling devcfg"
"Running Make libs in ps7_cortexa9_0/libsrc/dmaps_v2_4/src"
make -C ps7_cortexa9_0/libsrc/dmaps_v2_4/src -s libs  "SHELL=CMD" "COMPILER=arm-none-eabi-gcc" "ARCHIVER=arm-none-eabi-ar" "COMPILER_FLAGS=  -O2 -c" "EXTRA_COMPILER_FLAGS=-mcpu=cortex-a9 -mfpu=vfpv3 -mfloat-abi=hard -nostartfiles -g -Wall -Wextra"
"Compiling dmaps"
"Running Make libs in ps7_cortexa9_0/libsrc/emacps_v3_8/src"
make -C ps7_cortexa9_0/libsrc/emacps_v3_8/src -s libs  "SHELL=CMD" "COMPILER=arm-none-eabi-gcc" "ARCHIVER=arm-none-eabi-ar" "COMPILER_FLAGS=  -O2 -c" "EXTRA_COMPILER_FLAGS=-mcpu=cortex-a9 -mfpu=vfpv3 -mfloat-abi=hard -nostartfiles -g -Wall -Wextra"
"Compiling emacps"
"Running Make libs in ps7_cortexa9_0/libsrc/gpiops_v3_4/src"
make -C ps7_cortexa9_0/libsrc/gpiops_v3_4/src -s libs  "SHELL=CMD" "COMPILER=arm-none-eabi-gcc" "ARCHIVER=arm-none-eabi-ar" "COMPILER_FLAGS=  -O2 -c" "EXTRA_COMPILER_FLAGS=-mcpu=cortex-a9 -mfpu=vfpv3 -mfloat-abi=hard -nostartfiles -g -Wall -Wextra"
"Compiling gpiops"
"Running Make libs in ps7_cortexa9_0/libsrc/gpio_v4_3/src"
make -C ps7_cortexa9_0/libsrc/gpio_v4_3/src -s libs  "SHELL=CMD" "COMPILER=arm-none-eabi-gcc" "ARCHIVER=arm-none-eabi-ar" "COMPILER_FLAGS=  -O2 -c" "EXTRA_COMPILER_FLAGS=-mcpu=cortex-a9 -mfpu=vfpv3 -mfloat-abi=hard -nostartfiles -g -Wall -Wextra"
"Compiling gpio"
"Running Make libs in ps7_cortexa9_0/libsrc/qspips_v3_5/src"
make -C ps7_cortexa9_0/libsrc/qspips_v3_5/src -s libs  "SHELL=CMD" "COMPILER=arm-none-eabi-gcc" "ARCHIVER=arm-none-eabi-ar" "COMPILER_FLAGS=  -O2 -c" "EXTRA_COMPILER_FLAGS=-mcpu=cortex-a9 -mfpu=vfpv3 -mfloat-abi=hard -nostartfiles -g -Wall -Wextra"
"Compiling qspips"
"Running Make libs in ps7_cortexa9_0/libsrc/scugic_v3_10/src"
make -C ps7_cortexa9_0/libsrc/scugic_v3_10/src -s libs  "SHELL=CMD" "COMPILER=arm-none-eabi-gcc" "ARCHIVER=arm-none-eabi-ar" "COMPILER_FLAGS=  -O2 -c" "EXTRA_COMPILER_FLAGS=-mcpu=cortex-a9 -mfpu=vfpv3 -mfloat-abi=hard -nostartfiles -g -Wall -Wextra"
"Compiling scugic"
"Running Make libs in ps7_cortexa9_0/libsrc/scutimer_v2_1/src"
make -C ps7_cortexa9_0/libsrc/scutimer_v2_1/src -s libs  "SHELL=CMD" "COMPILER=arm-none-eabi-gcc" "ARCHIVER=arm-none-eabi-ar" "COMPILER_FLAGS=  -O2 -c" "EXTRA_COMPILER_FLAGS=-mcpu=cortex-a9 -mfpu=vfpv3 -mfloat-abi=hard -nostartfiles -g -Wall -Wextra"
"Compiling scutimer"
"Running Make libs in ps7_cortexa9_0/libsrc/scuwdt_v2_1/src"
make -C ps7_cortexa9_0/libsrc/scuwdt_v2_1/src -s libs  "SHELL=CMD" "COMPILER=arm-none-eabi-gcc" "ARCHIVER=arm-none-eabi-ar" "COMPILER_FLAGS=  -O2 -c" "EXTRA_COMPILER_FLAGS=-mcpu=cortex-a9 -mfpu=vfpv3 -mfloat-abi=hard -nostartfiles -g -Wall -Wextra"
"Compiling scuwdt"
"Running Make libs in ps7_cortexa9_0/libsrc/sdps_v3_6/src"
make -C ps7_cortexa9_0/libsrc/sdps_v3_6/src -s libs  "SHELL=CMD" "COMPILER=arm-none-eabi-gcc" "ARCHIVER=arm-none-eabi-ar" "COMPILER_FLAGS=  -O2 -c" "EXTRA_COMPILER_FLAGS=-mcpu=cortex-a9 -mfpu=vfpv3 -mfloat-abi=hard -nostartfiles -g -Wall -Wextra"
"Compiling sdps"
"Running Make libs in ps7_cortexa9_0/libsrc/standalone_v6_8/src"
make -C ps7_cortexa9_0/libsrc/standalone_v6_8/src -s libs  "SHELL=CMD" "COMPILER=arm-none-eabi-gcc" "ARCHIVER=arm-none-eabi-ar" "COMPILER_FLAGS=  -O2 -c" "EXTRA_COMPILER_FLAGS=-mcpu=cortex-a9 -mfpu=vfpv3 -mfloat-abi=hard -nostartfiles -g -Wall -Wextra"
"Compiling standalone"
In file included from usleep.c:56:0:
xtime_l.h:87:9: note: #pragma message: For the sleep routines, Global timer is being used
 #pragma message ("For the sleep routines, Global timer is being used")
         ^~~~~~~
In file included from xil_sleeptimer.c:51:0:
xtime_l.h:87:9: note: #pragma message: For the sleep routines, Global timer is being used
 #pragma message ("For the sleep routines, Global timer is being used")
         ^~~~~~~
In file included from xtime_l.c:49:0:
xtime_l.h:87:9: note: #pragma message: For the sleep routines, Global timer is being used
 #pragma message ("For the sleep routines, Global timer is being used")
         ^~~~~~~
In file included from sleep.c:53:0:
xtime_l.h:87:9: note: #pragma message: For the sleep routines, Global timer is being used
 #pragma message ("For the sleep routines, Global timer is being used")
         ^~~~~~~
"Running Make libs in ps7_cortexa9_0/libsrc/ttcps_v3_7/src"
make -C ps7_cortexa9_0/libsrc/ttcps_v3_7/src -s libs  "SHELL=CMD" "COMPILER=arm-none-eabi-gcc" "ARCHIVER=arm-none-eabi-ar" "COMPILER_FLAGS=  -O2 -c" "EXTRA_COMPILER_FLAGS=-mcpu=cortex-a9 -mfpu=vfpv3 -mfloat-abi=hard -nostartfiles -g -Wall -Wextra"
"Compiling ttcps"
"Running Make libs in ps7_cortexa9_0/libsrc/uartps_v3_7/src"
make -C ps7_cortexa9_0/libsrc/uartps_v3_7/src -s libs  "SHELL=CMD" "COMPILER=arm-none-eabi-gcc" "ARCHIVER=arm-none-eabi-ar" "COMPILER_FLAGS=  -O2 -c" "EXTRA_COMPILER_FLAGS=-mcpu=cortex-a9 -mfpu=vfpv3 -mfloat-abi=hard -nostartfiles -g -Wall -Wextra"
"Compiling uartps"
"Running Make libs in ps7_cortexa9_0/libsrc/usbps_v2_4/src"
make -C ps7_cortexa9_0/libsrc/usbps_v2_4/src -s libs  "SHELL=CMD" "COMPILER=arm-none-eabi-gcc" "ARCHIVER=arm-none-eabi-ar" "COMPILER_FLAGS=  -O2 -c" "EXTRA_COMPILER_FLAGS=-mcpu=cortex-a9 -mfpu=vfpv3 -mfloat-abi=hard -nostartfiles -g -Wall -Wextra"
"Compiling usbps"
"Running Make libs in ps7_cortexa9_0/libsrc/xadcps_v2_3/src"
make -C ps7_cortexa9_0/libsrc/xadcps_v2_3/src -s libs  "SHELL=CMD" "COMPILER=arm-none-eabi-gcc" "ARCHIVER=arm-none-eabi-ar" "COMPILER_FLAGS=  -O2 -c" "EXTRA_COMPILER_FLAGS=-mcpu=cortex-a9 -mfpu=vfpv3 -mfloat-abi=hard -nostartfiles -g -Wall -Wextra"
"Compiling xadcps"
'Finished building libraries'
16:03:04 **** Build of configuration Debug for project bb_LED_TEST ****
make pre-build main-build 
a9-linaro-pre-build-step
' '
'Building file: ../src/helloworld.c'
'Invoking: ARM v7 gcc compiler'
arm-none-eabi-gcc -Wall -O0 -g3 -c -fmessage-length=0 -MT"src/helloworld.o" -mcpu=cortex-a9 -mfpu=vfpv3 -mfloat-abi=hard -I../../bb_LED_TEST_bsp/ps7_cortexa9_0/include -MMD -MP -MF"src/helloworld.d" -MT"src/helloworld.o" -o "src/helloworld.o" "../src/helloworld.c"
'Finished building: ../src/helloworld.c'
' '
'Building file: ../src/platform.c'
'Invoking: ARM v7 gcc compiler'
arm-none-eabi-gcc -Wall -O0 -g3 -c -fmessage-length=0 -MT"src/platform.o" -mcpu=cortex-a9 -mfpu=vfpv3 -mfloat-abi=hard -I../../bb_LED_TEST_bsp/ps7_cortexa9_0/include -MMD -MP -MF"src/platform.d" -MT"src/platform.o" -o "src/platform.o" "../src/platform.c"
'Finished building: ../src/platform.c'
' '
'Building target: bb_LED_TEST.elf'
'Invoking: ARM v7 gcc linker'
arm-none-eabi-gcc -mcpu=cortex-a9 -mfpu=vfpv3 -mfloat-abi=hard -Wl,-build-id=none -specs=Xilinx.spec -Wl,-T -Wl,../src/lscript.ld -L../../bb_LED_TEST_bsp/ps7_cortexa9_0/lib -o "bb_LED_TEST.elf"  ./src/helloworld.o ./src/platform.o   -Wl,--start-group,-lxil,-lgcc,-lc,--end-group
'Finished building target: bb_LED_TEST.elf'
' '
'Invoking: ARM v7 Print Size'
arm-none-eabi-size bb_LED_TEST.elf  |tee "bb_LED_TEST.elf.size"
   text	   data	    bss	    dec	    hex	filename
  19352	   1144	  22568	  43064	   a838	bb_LED_TEST.elf
'Finished building: bb_LED_TEST.elf.size'
' '
16:03:08 **** Clean-only build of configuration Debug for project bb_LED_TEST ****
make clean 
rm -rf  ./src/helloworld.o ./src/platform.o  ./src/helloworld.d ./src/platform.d  bb_LED_TEST.elf.size  bb_LED_TEST.elf
' '
16:03:08 **** Auto Build of configuration Debug for project bb_LED_TEST ****
make pre-build main-build 
a9-linaro-pre-build-step
' '
'Building file: ../src/platform.c'
'Invoking: ARM v7 gcc compiler'
arm-none-eabi-gcc -Wall -O0 -g3 -c -fmessage-length=0 -MT"src/platform.o" -mcpu=cortex-a9 -mfpu=vfpv3 -mfloat-abi=hard -I../../bb_LED_TEST_bsp/ps7_cortexa9_0/include -MMD -MP -MF"src/platform.d" -MT"src/platform.o" -o "src/platform.o" "../src/platform.c"
'Finished building: ../src/platform.c'
' '
'Building target: bb_LED_TEST.elf'
'Invoking: ARM v7 gcc linker'
arm-none-eabi-gcc -mcpu=cortex-a9 -mfpu=vfpv3 -mfloat-abi=hard -Wl,-build-id=none -specs=Xilinx.spec -Wl,-T -Wl,../src/lscript.ld -L../../bb_LED_TEST_bsp/ps7_cortexa9_0/lib -o "bb_LED_TEST.elf"  ./src/platform.o   -Wl,--start-group,-lxil,-lgcc,-lc,--end-group
../../bb_LED_TEST_bsp/ps7_cortexa9_0/lib\libxil.a(xil-crt0.o): In function `_start':
C:\Zynq_Book\bb_LED_BUTTON\bb_LED_BUTTON.sdk\bb_LED_TEST_bsp\ps7_cortexa9_0\libsrc\standalone_v6_8\src/xil-crt0.S:138: undefined reference to `main'
collect2.exe: error: ld returned 1 exit status
make: *** [makefile:41: bb_LED_TEST.elf] Error 1
16:03:38 **** Auto Build of configuration Debug for project bb_LED_TEST ****
make pre-build main-build 
a9-linaro-pre-build-step
' '
'Building file: ../src/LED_test_tut_1C.c'
'Invoking: ARM v7 gcc compiler'
arm-none-eabi-gcc -Wall -O0 -g3 -c -fmessage-length=0 -MT"src/LED_test_tut_1C.o" -mcpu=cortex-a9 -mfpu=vfpv3 -mfloat-abi=hard -I../../bb_LED_TEST_bsp/ps7_cortexa9_0/include -MMD -MP -MF"src/LED_test_tut_1C.d" -MT"src/LED_test_tut_1C.o" -o "src/LED_test_tut_1C.o" "../src/LED_test_tut_1C.c"
'Finished building: ../src/LED_test_tut_1C.c'
' '
'Building target: bb_LED_TEST.elf'
'Invoking: ARM v7 gcc linker'
arm-none-eabi-gcc -mcpu=cortex-a9 -mfpu=vfpv3 -mfloat-abi=hard -Wl,-build-id=none -specs=Xilinx.spec -Wl,-T -Wl,../src/lscript.ld -L../../bb_LED_TEST_bsp/ps7_cortexa9_0/lib -o "bb_LED_TEST.elf"  ./src/LED_test_tut_1C.o ./src/platform.o   -Wl,--start-group,-lxil,-lgcc,-lc,--end-group
'Finished building target: bb_LED_TEST.elf'
' '
'Invoking: ARM v7 Print Size'
arm-none-eabi-size bb_LED_TEST.elf  |tee "bb_LED_TEST.elf.size"
   text	   data	    bss	    dec	    hex	filename
  23444	   1168	  22600	  47212	   b86c	bb_LED_TEST.elf
'Finished building: bb_LED_TEST.elf.size'
' '
16:04:05 **** Clean-only build of configuration Debug for project bb_LED_TEST ****
make clean 
rm -rf  ./src/LED_test_tut_1C.o ./src/platform.o  ./src/LED_test_tut_1C.d ./src/platform.d  bb_LED_TEST.elf.size  bb_LED_TEST.elf
' '
16:04:05 **** Auto Build of configuration Debug for project bb_LED_TEST ****
make pre-build main-build 
a9-linaro-pre-build-step
' '
'Building file: ../src/LED_BUTTON_bb.c'
'Invoking: ARM v7 gcc compiler'
arm-none-eabi-gcc -Wall -O0 -g3 -c -fmessage-length=0 -MT"src/LED_BUTTON_bb.o" -mcpu=cortex-a9 -mfpu=vfpv3 -mfloat-abi=hard -I../../bb_LED_TEST_bsp/ps7_cortexa9_0/include -MMD -MP -MF"src/LED_BUTTON_bb.d" -MT"src/LED_BUTTON_bb.o" -o "src/LED_BUTTON_bb.o" "../src/LED_BUTTON_bb.c"
'Finished building: ../src/LED_BUTTON_bb.c'
' '
'Building file: ../src/platform.c'
'Invoking: ARM v7 gcc compiler'
arm-none-eabi-gcc -Wall -O0 -g3 -c -fmessage-length=0 -MT"src/platform.o" -mcpu=cortex-a9 -mfpu=vfpv3 -mfloat-abi=hard -I../../bb_LED_TEST_bsp/ps7_cortexa9_0/include -MMD -MP -MF"src/platform.d" -MT"src/platform.o" -o "src/platform.o" "../src/platform.c"
'Finished building: ../src/platform.c'
' '
'Building target: bb_LED_TEST.elf'
'Invoking: ARM v7 gcc linker'
arm-none-eabi-gcc -mcpu=cortex-a9 -mfpu=vfpv3 -mfloat-abi=hard -Wl,-build-id=none -specs=Xilinx.spec -Wl,-T -Wl,../src/lscript.ld -L../../bb_LED_TEST_bsp/ps7_cortexa9_0/lib -o "bb_LED_TEST.elf"  ./src/LED_BUTTON_bb.o ./src/platform.o   -Wl,--start-group,-lxil,-lgcc,-lc,--end-group
'Finished building target: bb_LED_TEST.elf'
' '
'Invoking: ARM v7 Print Size'
arm-none-eabi-size bb_LED_TEST.elf  |tee "bb_LED_TEST.elf.size"
   text	   data	    bss	    dec	    hex	filename
  23444	   1168	  22600	  47212	   b86c	bb_LED_TEST.elf
'Finished building: bb_LED_TEST.elf.size'
' '
16:04:29 **** Auto Build of configuration Debug for project bb_LED_TEST ****
make pre-build main-build 
a9-linaro-pre-build-step
' '
'Building file: ../src/LED_BUTTON_bb.c'
'Invoking: ARM v7 gcc compiler'
arm-none-eabi-gcc -Wall -O0 -g3 -c -fmessage-length=0 -MT"src/LED_BUTTON_bb.o" -mcpu=cortex-a9 -mfpu=vfpv3 -mfloat-abi=hard -I../../bb_LED_TEST_bsp/ps7_cortexa9_0/include -MMD -MP -MF"src/LED_BUTTON_bb.d" -MT"src/LED_BUTTON_bb.o" -o "src/LED_BUTTON_bb.o" "../src/LED_BUTTON_bb.c"
'Finished building: ../src/LED_BUTTON_bb.c'
' '
'Building target: bb_LED_TEST.elf'
'Invoking: ARM v7 gcc linker'
arm-none-eabi-gcc -mcpu=cortex-a9 -mfpu=vfpv3 -mfloat-abi=hard -Wl,-build-id=none -specs=Xilinx.spec -Wl,-T -Wl,../src/lscript.ld -L../../bb_LED_TEST_bsp/ps7_cortexa9_0/lib -o "bb_LED_TEST.elf"  ./src/LED_BUTTON_bb.o ./src/platform.o   -Wl,--start-group,-lxil,-lgcc,-lc,--end-group
'Finished building target: bb_LED_TEST.elf'
' '
'Invoking: ARM v7 Print Size'
arm-none-eabi-size bb_LED_TEST.elf  |tee "bb_LED_TEST.elf.size"
   text	   data	    bss	    dec	    hex	filename
  23444	   1168	  22600	  47212	   b86c	bb_LED_TEST.elf
'Finished building: bb_LED_TEST.elf.size'
' '
16:06:01 **** Auto Build of configuration Debug for project bb_LED_TEST ****
make pre-build main-build 
a9-linaro-pre-build-step
' '
'Building file: ../src/LED_BUTTON_bb.c'
'Invoking: ARM v7 gcc compiler'
arm-none-eabi-gcc -Wall -O0 -g3 -c -fmessage-length=0 -MT"src/LED_BUTTON_bb.o" -mcpu=cortex-a9 -mfpu=vfpv3 -mfloat-abi=hard -I../../bb_LED_TEST_bsp/ps7_cortexa9_0/include -MMD -MP -MF"src/LED_BUTTON_bb.d" -MT"src/LED_BUTTON_bb.o" -o "src/LED_BUTTON_bb.o" "../src/LED_BUTTON_bb.c"
'Finished building: ../src/LED_BUTTON_bb.c'
' '
'Building target: bb_LED_TEST.elf'
'Invoking: ARM v7 gcc linker'
arm-none-eabi-gcc -mcpu=cortex-a9 -mfpu=vfpv3 -mfloat-abi=hard -Wl,-build-id=none -specs=Xilinx.spec -Wl,-T -Wl,../src/lscript.ld -L../../bb_LED_TEST_bsp/ps7_cortexa9_0/lib -o "bb_LED_TEST.elf"  ./src/LED_BUTTON_bb.o ./src/platform.o   -Wl,--start-group,-lxil,-lgcc,-lc,--end-group
'Finished building target: bb_LED_TEST.elf'
' '
'Invoking: ARM v7 Print Size'
arm-none-eabi-size bb_LED_TEST.elf  |tee "bb_LED_TEST.elf.size"
   text	   data	    bss	    dec	    hex	filename
  23444	   1168	  22600	  47212	   b86c	bb_LED_TEST.elf
'Finished building: bb_LED_TEST.elf.size'
' '
16:06:19 **** Incremental Build of configuration Debug for project bb_LED_TEST ****
make pre-build main-build 
a9-linaro-pre-build-step
' '
make: Nothing to be done for 'main-build'.
16:08:45 **** Auto Build of configuration Debug for project bb_LED_TEST ****
make pre-build main-build 
a9-linaro-pre-build-step
' '
'Building file: ../src/LED_BUTTON_bb.c'
'Invoking: ARM v7 gcc compiler'
arm-none-eabi-gcc -Wall -O0 -g3 -c -fmessage-length=0 -MT"src/LED_BUTTON_bb.o" -mcpu=cortex-a9 -mfpu=vfpv3 -mfloat-abi=hard -I../../bb_LED_TEST_bsp/ps7_cortexa9_0/include -MMD -MP -MF"src/LED_BUTTON_bb.d" -MT"src/LED_BUTTON_bb.o" -o "src/LED_BUTTON_bb.o" "../src/LED_BUTTON_bb.c"
../src/LED_BUTTON_bb.c: In function 'LEDOutputExample':
../src/LED_BUTTON_bb.c:57:36: error: 'GPIO_DEVICE_ID' undeclared (first use in this function); did you mean 'BTNS_DEVICE_ID'?
   Status = XGpio_Initialize(&Gpio, GPIO_DEVICE_ID);
                                    ^~~~~~~~~~~~~~
                                    BTNS_DEVICE_ID
../src/LED_BUTTON_bb.c:57:36: note: each undeclared identifier is reported only once for each function it appears in
make: *** [src/subdir.mk:26: src/LED_BUTTON_bb.o] Error 1
16:09:14 **** Auto Build of configuration Debug for project bb_LED_TEST ****
make pre-build main-build 
a9-linaro-pre-build-step
' '
'Building file: ../src/LED_BUTTON_bb.c'
'Invoking: ARM v7 gcc compiler'
arm-none-eabi-gcc -Wall -O0 -g3 -c -fmessage-length=0 -MT"src/LED_BUTTON_bb.o" -mcpu=cortex-a9 -mfpu=vfpv3 -mfloat-abi=hard -I../../bb_LED_TEST_bsp/ps7_cortexa9_0/include -MMD -MP -MF"src/LED_BUTTON_bb.d" -MT"src/LED_BUTTON_bb.o" -o "src/LED_BUTTON_bb.o" "../src/LED_BUTTON_bb.c"
../src/LED_BUTTON_bb.c: In function 'LEDOutputExample':
../src/LED_BUTTON_bb.c:40:24: error: 'XPAR_AXI_GPIO_1_DEVICE_ID' undeclared (first use in this function); did you mean 'XPAR_AXI_GPIO_0_DEVICE_ID'?
 #define LEDS_DEVICE_ID XPAR_AXI_GPIO_1_DEVICE_ID /* GPIO device that LEDs are connected to */
                        ^
../src/LED_BUTTON_bb.c:57:36: note: in expansion of macro 'LEDS_DEVICE_ID'
   Status = XGpio_Initialize(&Gpio, LEDS_DEVICE_ID);
                                    ^~~~~~~~~~~~~~
../src/LED_BUTTON_bb.c:40:24: note: each undeclared identifier is reported only once for each function it appears in
 #define LEDS_DEVICE_ID XPAR_AXI_GPIO_1_DEVICE_ID /* GPIO device that LEDs are connected to */
                        ^
../src/LED_BUTTON_bb.c:57:36: note: in expansion of macro 'LEDS_DEVICE_ID'
   Status = XGpio_Initialize(&Gpio, LEDS_DEVICE_ID);
                                    ^~~~~~~~~~~~~~
make: *** [src/subdir.mk:26: src/LED_BUTTON_bb.o] Error 1
16:10:33 **** Auto Build of configuration Debug for project bb_LED_TEST ****
make pre-build main-build 
a9-linaro-pre-build-step
' '
'Building file: ../src/LED_BUTTON_bb.c'
'Invoking: ARM v7 gcc compiler'
arm-none-eabi-gcc -Wall -O0 -g3 -c -fmessage-length=0 -MT"src/LED_BUTTON_bb.o" -mcpu=cortex-a9 -mfpu=vfpv3 -mfloat-abi=hard -I../../bb_LED_TEST_bsp/ps7_cortexa9_0/include -MMD -MP -MF"src/LED_BUTTON_bb.d" -MT"src/LED_BUTTON_bb.o" -o "src/LED_BUTTON_bb.o" "../src/LED_BUTTON_bb.c"
../src/LED_BUTTON_bb.c: In function 'LEDOutputExample':
../src/LED_BUTTON_bb.c:40:24: error: 'XPAR_AXI_GPIO_1_DEVICE_ID' undeclared (first use in this function); did you mean 'XPAR_AXI_GPIO_0_DEVICE_ID'?
 #define LEDS_DEVICE_ID XPAR_AXI_GPIO_1_DEVICE_ID /* GPIO device that LEDs are connected to */
                        ^
../src/LED_BUTTON_bb.c:56:38: note: in expansion of macro 'LEDS_DEVICE_ID'
   Status = XGpio_Initialize(LEDinst, LEDS_DEVICE_ID);
                                      ^~~~~~~~~~~~~~
../src/LED_BUTTON_bb.c:40:24: note: each undeclared identifier is reported only once for each function it appears in
 #define LEDS_DEVICE_ID XPAR_AXI_GPIO_1_DEVICE_ID /* GPIO device that LEDs are connected to */
                        ^
../src/LED_BUTTON_bb.c:56:38: note: in expansion of macro 'LEDS_DEVICE_ID'
   Status = XGpio_Initialize(LEDinst, LEDS_DEVICE_ID);
                                      ^~~~~~~~~~~~~~
../src/LED_BUTTON_bb.c:56:29: error: incompatible type for argument 1 of 'XGpio_Initialize'
   Status = XGpio_Initialize(LEDinst, LEDS_DEVICE_ID);
                             ^~~~~~~
In file included from ../src/LED_BUTTON_bb.c:34:0:
../../bb_LED_TEST_bsp/ps7_cortexa9_0/include/xgpio.h:168:5: note: expected 'XGpio * {aka struct <anonymous> *}' but argument is of type 'XGpio {aka struct <anonymous>}'
 int XGpio_Initialize(XGpio *InstancePtr, u16 DeviceId);
     ^~~~~~~~~~~~~~~~
../src/LED_BUTTON_bb.c:62:27: error: 'Gpio' undeclared (first use in this function); did you mean 'XGpio'?
   XGpio_SetDataDirection(&Gpio, LED_CHANNEL, 0x0);
                           ^~~~
                           XGpio
../src/LED_BUTTON_bb.c:62:33: error: 'LED_CHANNEL' undeclared (first use in this function)
   XGpio_SetDataDirection(&Gpio, LED_CHANNEL, 0x0);
                                 ^~~~~~~~~~~
make: *** [src/subdir.mk:26: src/LED_BUTTON_bb.o] Error 1
16:10:40 **** Auto Build of configuration Debug for project bb_LED_TEST ****
make pre-build main-build 
a9-linaro-pre-build-step
' '
'Building file: ../src/LED_BUTTON_bb.c'
'Invoking: ARM v7 gcc compiler'
arm-none-eabi-gcc -Wall -O0 -g3 -c -fmessage-length=0 -MT"src/LED_BUTTON_bb.o" -mcpu=cortex-a9 -mfpu=vfpv3 -mfloat-abi=hard -I../../bb_LED_TEST_bsp/ps7_cortexa9_0/include -MMD -MP -MF"src/LED_BUTTON_bb.d" -MT"src/LED_BUTTON_bb.o" -o "src/LED_BUTTON_bb.o" "../src/LED_BUTTON_bb.c"
../src/LED_BUTTON_bb.c: In function 'LEDOutputExample':
../src/LED_BUTTON_bb.c:40:24: error: 'XPAR_AXI_GPIO_1_DEVICE_ID' undeclared (first use in this function); did you mean 'XPAR_AXI_GPIO_0_DEVICE_ID'?
 #define LEDS_DEVICE_ID XPAR_AXI_GPIO_1_DEVICE_ID /* GPIO device that LEDs are connected to */
                        ^
../src/LED_BUTTON_bb.c:56:39: note: in expansion of macro 'LEDS_DEVICE_ID'
   Status = XGpio_Initialize(&LEDinst, LEDS_DEVICE_ID);
                                       ^~~~~~~~~~~~~~
../src/LED_BUTTON_bb.c:40:24: note: each undeclared identifier is reported only once for each function it appears in
 #define LEDS_DEVICE_ID XPAR_AXI_GPIO_1_DEVICE_ID /* GPIO device that LEDs are connected to */
                        ^
../src/LED_BUTTON_bb.c:56:39: note: in expansion of macro 'LEDS_DEVICE_ID'
   Status = XGpio_Initialize(&LEDinst, LEDS_DEVICE_ID);
                                       ^~~~~~~~~~~~~~
../src/LED_BUTTON_bb.c:62:27: error: 'Gpio' undeclared (first use in this function); did you mean 'XGpio'?
   XGpio_SetDataDirection(&Gpio, LED_CHANNEL, 0x0);
                           ^~~~
                           XGpio
../src/LED_BUTTON_bb.c:62:33: error: 'LED_CHANNEL' undeclared (first use in this function)
   XGpio_SetDataDirection(&Gpio, LED_CHANNEL, 0x0);
                                 ^~~~~~~~~~~
make: *** [src/subdir.mk:26: src/LED_BUTTON_bb.o] Error 1
16:11:23 **** Auto Build of configuration Debug for project bb_LED_TEST ****
make pre-build main-build 
a9-linaro-pre-build-step
' '
'Building file: ../src/LED_BUTTON_bb.c'
'Invoking: ARM v7 gcc compiler'
arm-none-eabi-gcc -Wall -O0 -g3 -c -fmessage-length=0 -MT"src/LED_BUTTON_bb.o" -mcpu=cortex-a9 -mfpu=vfpv3 -mfloat-abi=hard -I../../bb_LED_TEST_bsp/ps7_cortexa9_0/include -MMD -MP -MF"src/LED_BUTTON_bb.d" -MT"src/LED_BUTTON_bb.o" -o "src/LED_BUTTON_bb.o" "../src/LED_BUTTON_bb.c"
../src/LED_BUTTON_bb.c: In function 'LEDOutputExample':
../src/LED_BUTTON_bb.c:40:24: error: 'XPAR_AXI_GPIO_1_DEVICE_ID' undeclared (first use in this function); did you mean 'XPAR_AXI_GPIO_0_DEVICE_ID'?
 #define LEDS_DEVICE_ID XPAR_AXI_GPIO_1_DEVICE_ID /* GPIO device that LEDs are connected to */
                        ^
../src/LED_BUTTON_bb.c:56:39: note: in expansion of macro 'LEDS_DEVICE_ID'
   Status = XGpio_Initialize(&LEDinst, LEDS_DEVICE_ID);
                                       ^~~~~~~~~~~~~~
../src/LED_BUTTON_bb.c:40:24: note: each undeclared identifier is reported only once for each function it appears in
 #define LEDS_DEVICE_ID XPAR_AXI_GPIO_1_DEVICE_ID /* GPIO device that LEDs are connected to */
                        ^
../src/LED_BUTTON_bb.c:56:39: note: in expansion of macro 'LEDS_DEVICE_ID'
   Status = XGpio_Initialize(&LEDinst, LEDS_DEVICE_ID);
                                       ^~~~~~~~~~~~~~
../src/LED_BUTTON_bb.c:62:36: error: 'LED_CHANNEL' undeclared (first use in this function)
   XGpio_SetDataDirection(&LEDinst, LED_CHANNEL, 0x0);
                                    ^~~~~~~~~~~
../src/LED_BUTTON_bb.c:67:26: error: 'Gpio' undeclared (first use in this function); did you mean 'XGpio'?
     XGpio_DiscreteWrite(&Gpio, LED_CHANNEL, led);
                          ^~~~
                          XGpio
make: *** [src/subdir.mk:26: src/LED_BUTTON_bb.o] Error 1
16:11:45 **** Auto Build of configuration Debug for project bb_LED_TEST ****
make pre-build main-build 
a9-linaro-pre-build-step
' '
'Building file: ../src/LED_BUTTON_bb.c'
'Invoking: ARM v7 gcc compiler'
arm-none-eabi-gcc -Wall -O0 -g3 -c -fmessage-length=0 -MT"src/LED_BUTTON_bb.o" -mcpu=cortex-a9 -mfpu=vfpv3 -mfloat-abi=hard -I../../bb_LED_TEST_bsp/ps7_cortexa9_0/include -MMD -MP -MF"src/LED_BUTTON_bb.d" -MT"src/LED_BUTTON_bb.o" -o "src/LED_BUTTON_bb.o" "../src/LED_BUTTON_bb.c"
../src/LED_BUTTON_bb.c: In function 'LEDOutputExample':
../src/LED_BUTTON_bb.c:40:24: error: 'XPAR_AXI_GPIO_1_DEVICE_ID' undeclared (first use in this function); did you mean 'XPAR_AXI_GPIO_0_DEVICE_ID'?
 #define LEDS_DEVICE_ID XPAR_AXI_GPIO_1_DEVICE_ID /* GPIO device that LEDs are connected to */
                        ^
../src/LED_BUTTON_bb.c:56:39: note: in expansion of macro 'LEDS_DEVICE_ID'
   Status = XGpio_Initialize(&LEDinst, LEDS_DEVICE_ID);
                                       ^~~~~~~~~~~~~~
../src/LED_BUTTON_bb.c:40:24: note: each undeclared identifier is reported only once for each function it appears in
 #define LEDS_DEVICE_ID XPAR_AXI_GPIO_1_DEVICE_ID /* GPIO device that LEDs are connected to */
                        ^
../src/LED_BUTTON_bb.c:56:39: note: in expansion of macro 'LEDS_DEVICE_ID'
   Status = XGpio_Initialize(&LEDinst, LEDS_DEVICE_ID);
                                       ^~~~~~~~~~~~~~
../src/LED_BUTTON_bb.c:67:26: error: 'Gpio' undeclared (first use in this function); did you mean 'XGpio'?
     XGpio_DiscreteWrite(&Gpio, LED_CHANNEL, led);
                          ^~~~
                          XGpio
make: *** [src/subdir.mk:26: src/LED_BUTTON_bb.o] Error 1
16:13:25 **** Auto Build of configuration Debug for project bb_LED_TEST ****
make pre-build main-build 
a9-linaro-pre-build-step
' '
'Building file: ../src/LED_BUTTON_bb.c'
'Invoking: ARM v7 gcc compiler'
arm-none-eabi-gcc -Wall -O0 -g3 -c -fmessage-length=0 -MT"src/LED_BUTTON_bb.o" -mcpu=cortex-a9 -mfpu=vfpv3 -mfloat-abi=hard -I../../bb_LED_TEST_bsp/ps7_cortexa9_0/include -MMD -MP -MF"src/LED_BUTTON_bb.d" -MT"src/LED_BUTTON_bb.o" -o "src/LED_BUTTON_bb.o" "../src/LED_BUTTON_bb.c"
../src/LED_BUTTON_bb.c: In function 'LEDOutputExample':
../src/LED_BUTTON_bb.c:56:39: error: 'LEDS_DEVICE_ID' undeclared (first use in this function); did you mean 'BTNS_DEVICE_ID'?
   Status = XGpio_Initialize(&LEDinst, LEDS_DEVICE_ID);
                                       ^~~~~~~~~~~~~~
                                       BTNS_DEVICE_ID
../src/LED_BUTTON_bb.c:56:39: note: each undeclared identifier is reported only once for each function it appears in
../src/LED_BUTTON_bb.c:67:26: error: 'Gpio' undeclared (first use in this function); did you mean 'XGpio'?
     XGpio_DiscreteWrite(&Gpio, LED_CHANNEL, led);
                          ^~~~
                          XGpio
make: *** [src/subdir.mk:26: src/LED_BUTTON_bb.o] Error 1
16:13:36 **** Auto Build of configuration Debug for project bb_LED_TEST ****
make pre-build main-build 
a9-linaro-pre-build-step
' '
'Building file: ../src/LED_BUTTON_bb.c'
'Invoking: ARM v7 gcc compiler'
arm-none-eabi-gcc -Wall -O0 -g3 -c -fmessage-length=0 -MT"src/LED_BUTTON_bb.o" -mcpu=cortex-a9 -mfpu=vfpv3 -mfloat-abi=hard -I../../bb_LED_TEST_bsp/ps7_cortexa9_0/include -MMD -MP -MF"src/LED_BUTTON_bb.d" -MT"src/LED_BUTTON_bb.o" -o "src/LED_BUTTON_bb.o" "../src/LED_BUTTON_bb.c"
../src/LED_BUTTON_bb.c: In function 'LEDOutputExample':
../src/LED_BUTTON_bb.c:40:24: error: 'XPAR_AXI_GPIO_1_DEVICE_ID' undeclared (first use in this function); did you mean 'XPAR_AXI_GPIO_0_DEVICE_ID'?
 #define LEDS_DEVICE_ID XPAR_AXI_GPIO_1_DEVICE_ID /* GPIO device that LEDs are connected to */
                        ^
../src/LED_BUTTON_bb.c:56:39: note: in expansion of macro 'LEDS_DEVICE_ID'
   Status = XGpio_Initialize(&LEDinst, LEDS_DEVICE_ID);
                                       ^~~~~~~~~~~~~~
../src/LED_BUTTON_bb.c:40:24: note: each undeclared identifier is reported only once for each function it appears in
 #define LEDS_DEVICE_ID XPAR_AXI_GPIO_1_DEVICE_ID /* GPIO device that LEDs are connected to */
                        ^
../src/LED_BUTTON_bb.c:56:39: note: in expansion of macro 'LEDS_DEVICE_ID'
   Status = XGpio_Initialize(&LEDinst, LEDS_DEVICE_ID);
                                       ^~~~~~~~~~~~~~
../src/LED_BUTTON_bb.c:67:26: error: 'Gpio' undeclared (first use in this function); did you mean 'XGpio'?
     XGpio_DiscreteWrite(&Gpio, LED_CHANNEL, led);
                          ^~~~
                          XGpio
make: *** [src/subdir.mk:26: src/LED_BUTTON_bb.o] Error 1
16:14:01 **** Auto Build of configuration Debug for project bb_LED_TEST ****
make pre-build main-build 
a9-linaro-pre-build-step
' '
'Building file: ../src/LED_BUTTON_bb.c'
'Invoking: ARM v7 gcc compiler'
arm-none-eabi-gcc -Wall -O0 -g3 -c -fmessage-length=0 -MT"src/LED_BUTTON_bb.o" -mcpu=cortex-a9 -mfpu=vfpv3 -mfloat-abi=hard -I../../bb_LED_TEST_bsp/ps7_cortexa9_0/include -MMD -MP -MF"src/LED_BUTTON_bb.d" -MT"src/LED_BUTTON_bb.o" -o "src/LED_BUTTON_bb.o" "../src/LED_BUTTON_bb.c"
../src/LED_BUTTON_bb.c: In function 'LEDOutputExample':
../src/LED_BUTTON_bb.c:66:26: error: 'Gpio' undeclared (first use in this function); did you mean 'XGpio'?
     XGpio_DiscreteWrite(&Gpio, LED_CHANNEL, led);
                          ^~~~
                          XGpio
../src/LED_BUTTON_bb.c:66:26: note: each undeclared identifier is reported only once for each function it appears in
make: *** [src/subdir.mk:26: src/LED_BUTTON_bb.o] Error 1
16:20:02 **** Auto Build of configuration Debug for project bb_LED_TEST ****
make pre-build main-build 
a9-linaro-pre-build-step
' '
'Building file: ../src/LED_BUTTON_bb.c'
'Invoking: ARM v7 gcc compiler'
arm-none-eabi-gcc -Wall -O0 -g3 -c -fmessage-length=0 -MT"src/LED_BUTTON_bb.o" -mcpu=cortex-a9 -mfpu=vfpv3 -mfloat-abi=hard -I../../bb_LED_TEST_bsp/ps7_cortexa9_0/include -MMD -MP -MF"src/LED_BUTTON_bb.d" -MT"src/LED_BUTTON_bb.o" -o "src/LED_BUTTON_bb.o" "../src/LED_BUTTON_bb.c"
In file included from ../src/LED_BUTTON_bb.c:33:0:
../../bb_LED_TEST_bsp/ps7_cortexa9_0/include/xparameters.h:19:10: fatal error: xparameters_ps.h: No such file or directory
 #include "xparameters_ps.h"
          ^~~~~~~~~~~~~~~~~~
compilation terminated.
make: *** [src/subdir.mk:26: src/LED_BUTTON_bb.o] Error 1
16:21:09 **** Auto Build of configuration Debug for project bb_LED_TEST ****
make pre-build main-build 
a9-linaro-pre-build-step
' '
'Building file: ../src/LED_BUTTON_bb.c'
'Invoking: ARM v7 gcc compiler'
arm-none-eabi-gcc -Wall -O0 -g3 -c -fmessage-length=0 -MT"src/LED_BUTTON_bb.o" -mcpu=cortex-a9 -mfpu=vfpv3 -mfloat-abi=hard -I../../bb_LED_TEST_bsp/ps7_cortexa9_0/include -MMD -MP -MF"src/LED_BUTTON_bb.d" -MT"src/LED_BUTTON_bb.o" -o "src/LED_BUTTON_bb.o" "../src/LED_BUTTON_bb.c"
In file included from ../src/LED_BUTTON_bb.c:33:0:
../../bb_LED_TEST_bsp/ps7_cortexa9_0/include/xparameters.h:19:10: fatal error: xparameters_ps.h: No such file or directory
 #include "xparameters_ps.h"
          ^~~~~~~~~~~~~~~~~~
compilation terminated.
make: *** [src/subdir.mk:26: src/LED_BUTTON_bb.o] Error 1
16:21:20 **** Auto Build of project bb_LED_TEST_bsp ****
make -k all 
"Running Make include in ps7_cortexa9_0/libsrc/coresightps_dcc_v1_4/src"
make -C ps7_cortexa9_0/libsrc/coresightps_dcc_v1_4/src -s include  "SHELL=CMD" "COMPILER=arm-none-eabi-gcc" "ARCHIVER=arm-none-eabi-ar" "COMPILER_FLAGS=  -O2 -c" "EXTRA_COMPILER_FLAGS=-mcpu=cortex-a9 -mfpu=vfpv3 -mfloat-abi=hard -nostartfiles -g -Wall -Wextra"
"Running Make include in ps7_cortexa9_0/libsrc/cpu_cortexa9_v2_7/src"
make -C ps7_cortexa9_0/libsrc/cpu_cortexa9_v2_7/src -s include  "SHELL=CMD" "COMPILER=arm-none-eabi-gcc" "ARCHIVER=arm-none-eabi-ar" "COMPILER_FLAGS=  -O2 -c" "EXTRA_COMPILER_FLAGS=-mcpu=cortex-a9 -mfpu=vfpv3 -mfloat-abi=hard -nostartfiles -g -Wall -Wextra"
"Running Make include in ps7_cortexa9_0/libsrc/ddrps_v1_0/src"
make -C ps7_cortexa9_0/libsrc/ddrps_v1_0/src -s include  "SHELL=CMD" "COMPILER=arm-none-eabi-gcc" "ARCHIVER=arm-none-eabi-ar" "COMPILER_FLAGS=  -O2 -c" "EXTRA_COMPILER_FLAGS=-mcpu=cortex-a9 -mfpu=vfpv3 -mfloat-abi=hard -nostartfiles -g -Wall -Wextra"
"Running Make include in ps7_cortexa9_0/libsrc/devcfg_v3_5/src"
make -C ps7_cortexa9_0/libsrc/devcfg_v3_5/src -s include  "SHELL=CMD" "COMPILER=arm-none-eabi-gcc" "ARCHIVER=arm-none-eabi-ar" "COMPILER_FLAGS=  -O2 -c" "EXTRA_COMPILER_FLAGS=-mcpu=cortex-a9 -mfpu=vfpv3 -mfloat-abi=hard -nostartfiles -g -Wall -Wextra"
"Running Make include in ps7_cortexa9_0/libsrc/dmaps_v2_4/src"
make -C ps7_cortexa9_0/libsrc/dmaps_v2_4/src -s include  "SHELL=CMD" "COMPILER=arm-none-eabi-gcc" "ARCHIVER=arm-none-eabi-ar" "COMPILER_FLAGS=  -O2 -c" "EXTRA_COMPILER_FLAGS=-mcpu=cortex-a9 -mfpu=vfpv3 -mfloat-abi=hard -nostartfiles -g -Wall -Wextra"
"Running Make include in ps7_cortexa9_0/libsrc/emacps_v3_8/src"
make -C ps7_cortexa9_0/libsrc/emacps_v3_8/src -s include  "SHELL=CMD" "COMPILER=arm-none-eabi-gcc" "ARCHIVER=arm-none-eabi-ar" "COMPILER_FLAGS=  -O2 -c" "EXTRA_COMPILER_FLAGS=-mcpu=cortex-a9 -mfpu=vfpv3 -mfloat-abi=hard -nostartfiles -g -Wall -Wextra"
"Running Make include in ps7_cortexa9_0/libsrc/gpiops_v3_4/src"
make -C ps7_cortexa9_0/libsrc/gpiops_v3_4/src -s include  "SHELL=CMD" "COMPILER=arm-none-eabi-gcc" "ARCHIVER=arm-none-eabi-ar" "COMPILER_FLAGS=  -O2 -c" "EXTRA_COMPILER_FLAGS=-mcpu=cortex-a9 -mfpu=vfpv3 -mfloat-abi=hard -nostartfiles -g -Wall -Wextra"
"Running Make include in ps7_cortexa9_0/libsrc/gpio_v4_3/src"
make -C ps7_cortexa9_0/libsrc/gpio_v4_3/src -s include  "SHELL=CMD" "COMPILER=arm-none-eabi-gcc" "ARCHIVER=arm-none-eabi-ar" "COMPILER_FLAGS=  -O2 -c" "EXTRA_COMPILER_FLAGS=-mcpu=cortex-a9 -mfpu=vfpv3 -mfloat-abi=hard -nostartfiles -g -Wall -Wextra"
"Running Make include in ps7_cortexa9_0/libsrc/qspips_v3_5/src"
make -C ps7_cortexa9_0/libsrc/qspips_v3_5/src -s include  "SHELL=CMD" "COMPILER=arm-none-eabi-gcc" "ARCHIVER=arm-none-eabi-ar" "COMPILER_FLAGS=  -O2 -c" "EXTRA_COMPILER_FLAGS=-mcpu=cortex-a9 -mfpu=vfpv3 -mfloat-abi=hard -nostartfiles -g -Wall -Wextra"
"Running Make include in ps7_cortexa9_0/libsrc/scugic_v3_10/src"
make -C ps7_cortexa9_0/libsrc/scugic_v3_10/src -s include  "SHELL=CMD" "COMPILER=arm-none-eabi-gcc" "ARCHIVER=arm-none-eabi-ar" "COMPILER_FLAGS=  -O2 -c" "EXTRA_COMPILER_FLAGS=-mcpu=cortex-a9 -mfpu=vfpv3 -mfloat-abi=hard -nostartfiles -g -Wall -Wextra"
"Running Make include in ps7_cortexa9_0/libsrc/scutimer_v2_1/src"
make -C ps7_cortexa9_0/libsrc/scutimer_v2_1/src -s include  "SHELL=CMD" "COMPILER=arm-none-eabi-gcc" "ARCHIVER=arm-none-eabi-ar" "COMPILER_FLAGS=  -O2 -c" "EXTRA_COMPILER_FLAGS=-mcpu=cortex-a9 -mfpu=vfpv3 -mfloat-abi=hard -nostartfiles -g -Wall -Wextra"
"Running Make include in ps7_cortexa9_0/libsrc/scuwdt_v2_1/src"
make -C ps7_cortexa9_0/libsrc/scuwdt_v2_1/src -s include  "SHELL=CMD" "COMPILER=arm-none-eabi-gcc" "ARCHIVER=arm-none-eabi-ar" "COMPILER_FLAGS=  -O2 -c" "EXTRA_COMPILER_FLAGS=-mcpu=cortex-a9 -mfpu=vfpv3 -mfloat-abi=hard -nostartfiles -g -Wall -Wextra"
"Running Make include in ps7_cortexa9_0/libsrc/sdps_v3_6/src"
make -C ps7_cortexa9_0/libsrc/sdps_v3_6/src -s include  "SHELL=CMD" "COMPILER=arm-none-eabi-gcc" "ARCHIVER=arm-none-eabi-ar" "COMPILER_FLAGS=  -O2 -c" "EXTRA_COMPILER_FLAGS=-mcpu=cortex-a9 -mfpu=vfpv3 -mfloat-abi=hard -nostartfiles -g -Wall -Wextra"
"Running Make include in ps7_cortexa9_0/libsrc/standalone_v6_8/src"
make -C ps7_cortexa9_0/libsrc/standalone_v6_8/src -s include  "SHELL=CMD" "COMPILER=arm-none-eabi-gcc" "ARCHIVER=arm-none-eabi-ar" "COMPILER_FLAGS=  -O2 -c" "EXTRA_COMPILER_FLAGS=-mcpu=cortex-a9 -mfpu=vfpv3 -mfloat-abi=hard -nostartfiles -g -Wall -Wextra"
"Running Make include in ps7_cortexa9_0/libsrc/ttcps_v3_7/src"
make -C ps7_cortexa9_0/libsrc/ttcps_v3_7/src -s include  "SHELL=CMD" "COMPILER=arm-none-eabi-gcc" "ARCHIVER=arm-none-eabi-ar" "COMPILER_FLAGS=  -O2 -c" "EXTRA_COMPILER_FLAGS=-mcpu=cortex-a9 -mfpu=vfpv3 -mfloat-abi=hard -nostartfiles -g -Wall -Wextra"
"Running Make include in ps7_cortexa9_0/libsrc/uartps_v3_7/src"
make -C ps7_cortexa9_0/libsrc/uartps_v3_7/src -s include  "SHELL=CMD" "COMPILER=arm-none-eabi-gcc" "ARCHIVER=arm-none-eabi-ar" "COMPILER_FLAGS=  -O2 -c" "EXTRA_COMPILER_FLAGS=-mcpu=cortex-a9 -mfpu=vfpv3 -mfloat-abi=hard -nostartfiles -g -Wall -Wextra"
"Running Make include in ps7_cortexa9_0/libsrc/usbps_v2_4/src"
make -C ps7_cortexa9_0/libsrc/usbps_v2_4/src -s include  "SHELL=CMD" "COMPILER=arm-none-eabi-gcc" "ARCHIVER=arm-none-eabi-ar" "COMPILER_FLAGS=  -O2 -c" "EXTRA_COMPILER_FLAGS=-mcpu=cortex-a9 -mfpu=vfpv3 -mfloat-abi=hard -nostartfiles -g -Wall -Wextra"
"Running Make include in ps7_cortexa9_0/libsrc/xadcps_v2_3/src"
make -C ps7_cortexa9_0/libsrc/xadcps_v2_3/src -s include  "SHELL=CMD" "COMPILER=arm-none-eabi-gcc" "ARCHIVER=arm-none-eabi-ar" "COMPILER_FLAGS=  -O2 -c" "EXTRA_COMPILER_FLAGS=-mcpu=cortex-a9 -mfpu=vfpv3 -mfloat-abi=hard -nostartfiles -g -Wall -Wextra"
"Running Make libs in ps7_cortexa9_0/libsrc/coresightps_dcc_v1_4/src"
make -C ps7_cortexa9_0/libsrc/coresightps_dcc_v1_4/src -s libs  "SHELL=CMD" "COMPILER=arm-none-eabi-gcc" "ARCHIVER=arm-none-eabi-ar" "COMPILER_FLAGS=  -O2 -c" "EXTRA_COMPILER_FLAGS=-mcpu=cortex-a9 -mfpu=vfpv3 -mfloat-abi=hard -nostartfiles -g -Wall -Wextra"
"Compiling coresightps_dcc"
arm-none-eabi-ar: creating ../../../lib/libxil.a
"Running Make libs in ps7_cortexa9_0/libsrc/cpu_cortexa9_v2_7/src"
make -C ps7_cortexa9_0/libsrc/cpu_cortexa9_v2_7/src -s libs  "SHELL=CMD" "COMPILER=arm-none-eabi-gcc" "ARCHIVER=arm-none-eabi-ar" "COMPILER_FLAGS=  -O2 -c" "EXTRA_COMPILER_FLAGS=-mcpu=cortex-a9 -mfpu=vfpv3 -mfloat-abi=hard -nostartfiles -g -Wall -Wextra"
"Compiling cpu_cortexa9"
"Running Make libs in ps7_cortexa9_0/libsrc/ddrps_v1_0/src"
make -C ps7_cortexa9_0/libsrc/ddrps_v1_0/src -s libs  "SHELL=CMD" "COMPILER=arm-none-eabi-gcc" "ARCHIVER=arm-none-eabi-ar" "COMPILER_FLAGS=  -O2 -c" "EXTRA_COMPILER_FLAGS=-mcpu=cortex-a9 -mfpu=vfpv3 -mfloat-abi=hard -nostartfiles -g -Wall -Wextra"
"Compiling ddrps"
"Running Make libs in ps7_cortexa9_0/libsrc/devcfg_v3_5/src"
make -C ps7_cortexa9_0/libsrc/devcfg_v3_5/src -s libs  "SHELL=CMD" "COMPILER=arm-none-eabi-gcc" "ARCHIVER=arm-none-eabi-ar" "COMPILER_FLAGS=  -O2 -c" "EXTRA_COMPILER_FLAGS=-mcpu=cortex-a9 -mfpu=vfpv3 -mfloat-abi=hard -nostartfiles -g -Wall -Wextra"
"Compiling devcfg"
"Running Make libs in ps7_cortexa9_0/libsrc/dmaps_v2_4/src"
make -C ps7_cortexa9_0/libsrc/dmaps_v2_4/src -s libs  "SHELL=CMD" "COMPILER=arm-none-eabi-gcc" "ARCHIVER=arm-none-eabi-ar" "COMPILER_FLAGS=  -O2 -c" "EXTRA_COMPILER_FLAGS=-mcpu=cortex-a9 -mfpu=vfpv3 -mfloat-abi=hard -nostartfiles -g -Wall -Wextra"
"Compiling dmaps"
"Running Make libs in ps7_cortexa9_0/libsrc/emacps_v3_8/src"
make -C ps7_cortexa9_0/libsrc/emacps_v3_8/src -s libs  "SHELL=CMD" "COMPILER=arm-none-eabi-gcc" "ARCHIVER=arm-none-eabi-ar" "COMPILER_FLAGS=  -O2 -c" "EXTRA_COMPILER_FLAGS=-mcpu=cortex-a9 -mfpu=vfpv3 -mfloat-abi=hard -nostartfiles -g -Wall -Wextra"
"Compiling emacps"
"Running Make libs in ps7_cortexa9_0/libsrc/gpiops_v3_4/src"
make -C ps7_cortexa9_0/libsrc/gpiops_v3_4/src -s libs  "SHELL=CMD" "COMPILER=arm-none-eabi-gcc" "ARCHIVER=arm-none-eabi-ar" "COMPILER_FLAGS=  -O2 -c" "EXTRA_COMPILER_FLAGS=-mcpu=cortex-a9 -mfpu=vfpv3 -mfloat-abi=hard -nostartfiles -g -Wall -Wextra"
"Compiling gpiops"
"Running Make libs in ps7_cortexa9_0/libsrc/gpio_v4_3/src"
make -C ps7_cortexa9_0/libsrc/gpio_v4_3/src -s libs  "SHELL=CMD" "COMPILER=arm-none-eabi-gcc" "ARCHIVER=arm-none-eabi-ar" "COMPILER_FLAGS=  -O2 -c" "EXTRA_COMPILER_FLAGS=-mcpu=cortex-a9 -mfpu=vfpv3 -mfloat-abi=hard -nostartfiles -g -Wall -Wextra"
"Compiling gpio"
"Running Make libs in ps7_cortexa9_0/libsrc/qspips_v3_5/src"
make -C ps7_cortexa9_0/libsrc/qspips_v3_5/src -s libs  "SHELL=CMD" "COMPILER=arm-none-eabi-gcc" "ARCHIVER=arm-none-eabi-ar" "COMPILER_FLAGS=  -O2 -c" "EXTRA_COMPILER_FLAGS=-mcpu=cortex-a9 -mfpu=vfpv3 -mfloat-abi=hard -nostartfiles -g -Wall -Wextra"
"Compiling qspips"
"Running Make libs in ps7_cortexa9_0/libsrc/scugic_v3_10/src"
make -C ps7_cortexa9_0/libsrc/scugic_v3_10/src -s libs  "SHELL=CMD" "COMPILER=arm-none-eabi-gcc" "ARCHIVER=arm-none-eabi-ar" "COMPILER_FLAGS=  -O2 -c" "EXTRA_COMPILER_FLAGS=-mcpu=cortex-a9 -mfpu=vfpv3 -mfloat-abi=hard -nostartfiles -g -Wall -Wextra"
"Compiling scugic"
"Running Make libs in ps7_cortexa9_0/libsrc/scutimer_v2_1/src"
make -C ps7_cortexa9_0/libsrc/scutimer_v2_1/src -s libs  "SHELL=CMD" "COMPILER=arm-none-eabi-gcc" "ARCHIVER=arm-none-eabi-ar" "COMPILER_FLAGS=  -O2 -c" "EXTRA_COMPILER_FLAGS=-mcpu=cortex-a9 -mfpu=vfpv3 -mfloat-abi=hard -nostartfiles -g -Wall -Wextra"
"Compiling scutimer"
"Running Make libs in ps7_cortexa9_0/libsrc/scuwdt_v2_1/src"
make -C ps7_cortexa9_0/libsrc/scuwdt_v2_1/src -s libs  "SHELL=CMD" "COMPILER=arm-none-eabi-gcc" "ARCHIVER=arm-none-eabi-ar" "COMPILER_FLAGS=  -O2 -c" "EXTRA_COMPILER_FLAGS=-mcpu=cortex-a9 -mfpu=vfpv3 -mfloat-abi=hard -nostartfiles -g -Wall -Wextra"
"Compiling scuwdt"
"Running Make libs in ps7_cortexa9_0/libsrc/sdps_v3_6/src"
make -C ps7_cortexa9_0/libsrc/sdps_v3_6/src -s libs  "SHELL=CMD" "COMPILER=arm-none-eabi-gcc" "ARCHIVER=arm-none-eabi-ar" "COMPILER_FLAGS=  -O2 -c" "EXTRA_COMPILER_FLAGS=-mcpu=cortex-a9 -mfpu=vfpv3 -mfloat-abi=hard -nostartfiles -g -Wall -Wextra"
"Compiling sdps"
"Running Make libs in ps7_cortexa9_0/libsrc/standalone_v6_8/src"
make -C ps7_cortexa9_0/libsrc/standalone_v6_8/src -s libs  "SHELL=CMD" "COMPILER=arm-none-eabi-gcc" "ARCHIVER=arm-none-eabi-ar" "COMPILER_FLAGS=  -O2 -c" "EXTRA_COMPILER_FLAGS=-mcpu=cortex-a9 -mfpu=vfpv3 -mfloat-abi=hard -nostartfiles -g -Wall -Wextra"
"Compiling standalone"
In file included from usleep.c:56:0:
xtime_l.h:87:9: note: #pragma message: For the sleep routines, Global timer is being used
 #pragma message ("For the sleep routines, Global timer is being used")
         ^~~~~~~
In file included from xil_sleeptimer.c:51:0:
xtime_l.h:87:9: note: #pragma message: For the sleep routines, Global timer is being used
 #pragma message ("For the sleep routines, Global timer is being used")
         ^~~~~~~
In file included from xtime_l.c:49:0:
xtime_l.h:87:9: note: #pragma message: For the sleep routines, Global timer is being used
 #pragma message ("For the sleep routines, Global timer is being used")
         ^~~~~~~
In file included from sleep.c:53:0:
xtime_l.h:87:9: note: #pragma message: For the sleep routines, Global timer is being used
 #pragma message ("For the sleep routines, Global timer is being used")
         ^~~~~~~
"Running Make libs in ps7_cortexa9_0/libsrc/ttcps_v3_7/src"
make -C ps7_cortexa9_0/libsrc/ttcps_v3_7/src -s libs  "SHELL=CMD" "COMPILER=arm-none-eabi-gcc" "ARCHIVER=arm-none-eabi-ar" "COMPILER_FLAGS=  -O2 -c" "EXTRA_COMPILER_FLAGS=-mcpu=cortex-a9 -mfpu=vfpv3 -mfloat-abi=hard -nostartfiles -g -Wall -Wextra"
"Compiling ttcps"
"Running Make libs in ps7_cortexa9_0/libsrc/uartps_v3_7/src"
make -C ps7_cortexa9_0/libsrc/uartps_v3_7/src -s libs  "SHELL=CMD" "COMPILER=arm-none-eabi-gcc" "ARCHIVER=arm-none-eabi-ar" "COMPILER_FLAGS=  -O2 -c" "EXTRA_COMPILER_FLAGS=-mcpu=cortex-a9 -mfpu=vfpv3 -mfloat-abi=hard -nostartfiles -g -Wall -Wextra"
"Compiling uartps"
"Running Make libs in ps7_cortexa9_0/libsrc/usbps_v2_4/src"
make -C ps7_cortexa9_0/libsrc/usbps_v2_4/src -s libs  "SHELL=CMD" "COMPILER=arm-none-eabi-gcc" "ARCHIVER=arm-none-eabi-ar" "COMPILER_FLAGS=  -O2 -c" "EXTRA_COMPILER_FLAGS=-mcpu=cortex-a9 -mfpu=vfpv3 -mfloat-abi=hard -nostartfiles -g -Wall -Wextra"
"Compiling usbps"
"Running Make libs in ps7_cortexa9_0/libsrc/xadcps_v2_3/src"
make -C ps7_cortexa9_0/libsrc/xadcps_v2_3/src -s libs  "SHELL=CMD" "COMPILER=arm-none-eabi-gcc" "ARCHIVER=arm-none-eabi-ar" "COMPILER_FLAGS=  -O2 -c" "EXTRA_COMPILER_FLAGS=-mcpu=cortex-a9 -mfpu=vfpv3 -mfloat-abi=hard -nostartfiles -g -Wall -Wextra"
"Compiling xadcps"
'Finished building libraries'
16:21:40 **** Auto Build of configuration Debug for project bb_LED_TEST ****
make pre-build main-build 
a9-linaro-pre-build-step
' '
'Building file: ../src/LED_BUTTON_bb.c'
'Invoking: ARM v7 gcc compiler'
arm-none-eabi-gcc -Wall -O0 -g3 -c -fmessage-length=0 -MT"src/LED_BUTTON_bb.o" -mcpu=cortex-a9 -mfpu=vfpv3 -mfloat-abi=hard -I../../bb_LED_TEST_bsp/ps7_cortexa9_0/include -MMD -MP -MF"src/LED_BUTTON_bb.d" -MT"src/LED_BUTTON_bb.o" -o "src/LED_BUTTON_bb.o" "../src/LED_BUTTON_bb.c"
../src/LED_BUTTON_bb.c: In function 'LEDOutputExample':
../src/LED_BUTTON_bb.c:61:36: error: 'LED_CHANNEL' undeclared (first use in this function)
   XGpio_SetDataDirection(&LEDinst, LED_CHANNEL, 0x0);
                                    ^~~~~~~~~~~
../src/LED_BUTTON_bb.c:61:36: note: each undeclared identifier is reported only once for each function it appears in
../src/LED_BUTTON_bb.c:66:26: error: 'Gpio' undeclared (first use in this function); did you mean 'XGpio'?
     XGpio_DiscreteWrite(&Gpio, 1, led);
                          ^~~~
                          XGpio
make: *** [src/subdir.mk:26: src/LED_BUTTON_bb.o] Error 1
16:22:14 **** Auto Build of configuration Debug for project bb_LED_TEST ****
make pre-build main-build 
a9-linaro-pre-build-step
' '
'Building file: ../src/LED_BUTTON_bb.c'
'Invoking: ARM v7 gcc compiler'
arm-none-eabi-gcc -Wall -O0 -g3 -c -fmessage-length=0 -MT"src/LED_BUTTON_bb.o" -mcpu=cortex-a9 -mfpu=vfpv3 -mfloat-abi=hard -I../../bb_LED_TEST_bsp/ps7_cortexa9_0/include -MMD -MP -MF"src/LED_BUTTON_bb.d" -MT"src/LED_BUTTON_bb.o" -o "src/LED_BUTTON_bb.o" "../src/LED_BUTTON_bb.c"
../src/LED_BUTTON_bb.c: In function 'LEDOutputExample':
../src/LED_BUTTON_bb.c:66:26: error: 'Gpio' undeclared (first use in this function); did you mean 'XGpio'?
     XGpio_DiscreteWrite(&Gpio, 1, led);
                          ^~~~
                          XGpio
../src/LED_BUTTON_bb.c:66:26: note: each undeclared identifier is reported only once for each function it appears in
make: *** [src/subdir.mk:26: src/LED_BUTTON_bb.o] Error 1
16:22:25 **** Auto Build of configuration Debug for project bb_LED_TEST ****
make pre-build main-build 
a9-linaro-pre-build-step
' '
'Building file: ../src/LED_BUTTON_bb.c'
'Invoking: ARM v7 gcc compiler'
arm-none-eabi-gcc -Wall -O0 -g3 -c -fmessage-length=0 -MT"src/LED_BUTTON_bb.o" -mcpu=cortex-a9 -mfpu=vfpv3 -mfloat-abi=hard -I../../bb_LED_TEST_bsp/ps7_cortexa9_0/include -MMD -MP -MF"src/LED_BUTTON_bb.d" -MT"src/LED_BUTTON_bb.o" -o "src/LED_BUTTON_bb.o" "../src/LED_BUTTON_bb.c"
'Finished building: ../src/LED_BUTTON_bb.c'
' '
'Building file: ../src/platform.c'
'Invoking: ARM v7 gcc compiler'
arm-none-eabi-gcc -Wall -O0 -g3 -c -fmessage-length=0 -MT"src/platform.o" -mcpu=cortex-a9 -mfpu=vfpv3 -mfloat-abi=hard -I../../bb_LED_TEST_bsp/ps7_cortexa9_0/include -MMD -MP -MF"src/platform.d" -MT"src/platform.o" -o "src/platform.o" "../src/platform.c"
'Finished building: ../src/platform.c'
' '
'Building target: bb_LED_TEST.elf'
'Invoking: ARM v7 gcc linker'
arm-none-eabi-gcc -mcpu=cortex-a9 -mfpu=vfpv3 -mfloat-abi=hard -Wl,-build-id=none -specs=Xilinx.spec -Wl,-T -Wl,../src/lscript.ld -L../../bb_LED_TEST_bsp/ps7_cortexa9_0/lib -o "bb_LED_TEST.elf"  ./src/LED_BUTTON_bb.o ./src/platform.o   -Wl,--start-group,-lxil,-lgcc,-lc,--end-group
'Finished building target: bb_LED_TEST.elf'
' '
'Invoking: ARM v7 Print Size'
arm-none-eabi-size bb_LED_TEST.elf  |tee "bb_LED_TEST.elf.size"
   text	   data	    bss	    dec	    hex	filename
  23508	   1184	  22616	  47308	   b8cc	bb_LED_TEST.elf
'Finished building: bb_LED_TEST.elf.size'
' '
16:23:14 **** Auto Build of configuration Debug for project bb_LED_TEST ****
make pre-build main-build 
a9-linaro-pre-build-step
' '
'Building file: ../src/LED_BUTTON_bb.c'
'Invoking: ARM v7 gcc compiler'
arm-none-eabi-gcc -Wall -O0 -g3 -c -fmessage-length=0 -MT"src/LED_BUTTON_bb.o" -mcpu=cortex-a9 -mfpu=vfpv3 -mfloat-abi=hard -I../../bb_LED_TEST_bsp/ps7_cortexa9_0/include -MMD -MP -MF"src/LED_BUTTON_bb.d" -MT"src/LED_BUTTON_bb.o" -o "src/LED_BUTTON_bb.o" "../src/LED_BUTTON_bb.c"
../src/LED_BUTTON_bb.c: In function 'LEDOutputExample':
../src/LED_BUTTON_bb.c:64:27: error: 'BTNinst' undeclared (first use in this function); did you mean 'BTNInst'?
   XGpio_SetDataDirection(&BTNinst, 1, 0xFF);
                           ^~~~~~~
                           BTNInst
../src/LED_BUTTON_bb.c:64:27: note: each undeclared identifier is reported only once for each function it appears in
make: *** [src/subdir.mk:26: src/LED_BUTTON_bb.o] Error 1
16:23:27 **** Auto Build of configuration Debug for project bb_LED_TEST ****
make pre-build main-build 
a9-linaro-pre-build-step
' '
'Building file: ../src/LED_BUTTON_bb.c'
'Invoking: ARM v7 gcc compiler'
arm-none-eabi-gcc -Wall -O0 -g3 -c -fmessage-length=0 -MT"src/LED_BUTTON_bb.o" -mcpu=cortex-a9 -mfpu=vfpv3 -mfloat-abi=hard -I../../bb_LED_TEST_bsp/ps7_cortexa9_0/include -MMD -MP -MF"src/LED_BUTTON_bb.d" -MT"src/LED_BUTTON_bb.o" -o "src/LED_BUTTON_bb.o" "../src/LED_BUTTON_bb.c"
'Finished building: ../src/LED_BUTTON_bb.c'
' '
'Building target: bb_LED_TEST.elf'
'Invoking: ARM v7 gcc linker'
arm-none-eabi-gcc -mcpu=cortex-a9 -mfpu=vfpv3 -mfloat-abi=hard -Wl,-build-id=none -specs=Xilinx.spec -Wl,-T -Wl,../src/lscript.ld -L../../bb_LED_TEST_bsp/ps7_cortexa9_0/lib -o "bb_LED_TEST.elf"  ./src/LED_BUTTON_bb.o ./src/platform.o   -Wl,--start-group,-lxil,-lgcc,-lc,--end-group
'Finished building target: bb_LED_TEST.elf'
' '
'Invoking: ARM v7 Print Size'
arm-none-eabi-size bb_LED_TEST.elf  |tee "bb_LED_TEST.elf.size"
   text	   data	    bss	    dec	    hex	filename
  23508	   1184	  22616	  47308	   b8cc	bb_LED_TEST.elf
'Finished building: bb_LED_TEST.elf.size'
' '
16:24:10 **** Incremental Build of configuration Debug for project bb_LED_TEST ****
make pre-build main-build 
a9-linaro-pre-build-step
' '
make: Nothing to be done for 'main-build'.
16:24:48 **** Auto Build of configuration Debug for project bb_LED_TEST ****
make pre-build main-build 
a9-linaro-pre-build-step
' '
'Building file: ../src/LED_BUTTON_bb.c'
'Invoking: ARM v7 gcc compiler'
arm-none-eabi-gcc -Wall -O0 -g3 -c -fmessage-length=0 -MT"src/LED_BUTTON_bb.o" -mcpu=cortex-a9 -mfpu=vfpv3 -mfloat-abi=hard -I../../bb_LED_TEST_bsp/ps7_cortexa9_0/include -MMD -MP -MF"src/LED_BUTTON_bb.d" -MT"src/LED_BUTTON_bb.o" -o "src/LED_BUTTON_bb.o" "../src/LED_BUTTON_bb.c"
'Finished building: ../src/LED_BUTTON_bb.c'
' '
'Building target: bb_LED_TEST.elf'
'Invoking: ARM v7 gcc linker'
arm-none-eabi-gcc -mcpu=cortex-a9 -mfpu=vfpv3 -mfloat-abi=hard -Wl,-build-id=none -specs=Xilinx.spec -Wl,-T -Wl,../src/lscript.ld -L../../bb_LED_TEST_bsp/ps7_cortexa9_0/lib -o "bb_LED_TEST.elf"  ./src/LED_BUTTON_bb.o ./src/platform.o   -Wl,--start-group,-lxil,-lgcc,-lc,--end-group
'Finished building target: bb_LED_TEST.elf'
' '
'Invoking: ARM v7 Print Size'
arm-none-eabi-size bb_LED_TEST.elf  |tee "bb_LED_TEST.elf.size"
   text	   data	    bss	    dec	    hex	filename
  23508	   1184	  22616	  47308	   b8cc	bb_LED_TEST.elf
'Finished building: bb_LED_TEST.elf.size'
' '
16:25:06 **** Incremental Build of configuration Debug for project bb_LED_TEST ****
make pre-build main-build 
a9-linaro-pre-build-step
' '
make: Nothing to be done for 'main-build'.
16:25:15 **** Incremental Build of configuration Debug for project bb_LED_TEST ****
make pre-build main-build 
a9-linaro-pre-build-step
' '
make: Nothing to be done for 'main-build'.
16:27:00 **** Incremental Build of configuration Debug for project bb_LED_TEST ****
make pre-build main-build 
a9-linaro-pre-build-step
' '
'Building file: ../src/LED_BUTTON_bb.c'
'Invoking: ARM v7 gcc compiler'
arm-none-eabi-gcc -Wall -O0 -g3 -c -fmessage-length=0 -MT"src/LED_BUTTON_bb.o" -mcpu=cortex-a9 -mfpu=vfpv3 -mfloat-abi=hard -I../../bb_LED_TEST_bsp/ps7_cortexa9_0/include -MMD -MP -MF"src/LED_BUTTON_bb.d" -MT"src/LED_BUTTON_bb.o" -o "src/LED_BUTTON_bb.o" "../src/LED_BUTTON_bb.c"
'Finished building: ../src/LED_BUTTON_bb.c'
' '
'Building target: bb_LED_TEST.elf'
'Invoking: ARM v7 gcc linker'
arm-none-eabi-gcc -mcpu=cortex-a9 -mfpu=vfpv3 -mfloat-abi=hard -Wl,-build-id=none -specs=Xilinx.spec -Wl,-T -Wl,../src/lscript.ld -L../../bb_LED_TEST_bsp/ps7_cortexa9_0/lib -o "bb_LED_TEST.elf"  ./src/LED_BUTTON_bb.o ./src/platform.o   -Wl,--start-group,-lxil,-lgcc,-lc,--end-group
'Finished building target: bb_LED_TEST.elf'
' '
'Invoking: ARM v7 Print Size'
arm-none-eabi-size bb_LED_TEST.elf  |tee "bb_LED_TEST.elf.size"
   text	   data	    bss	    dec	    hex	filename
  23508	   1184	  22616	  47308	   b8cc	bb_LED_TEST.elf
'Finished building: bb_LED_TEST.elf.size'
' '
16:27:22 **** Incremental Build of configuration Debug for project bb_LED_TEST ****
make pre-build main-build 
a9-linaro-pre-build-step
' '
make: Nothing to be done for 'main-build'.
16:28:59 **** Auto Build of configuration Debug for project bb_LED_TEST ****
make pre-build main-build 
a9-linaro-pre-build-step
' '
'Building file: ../src/LED_BUTTON_bb.c'
'Invoking: ARM v7 gcc compiler'
arm-none-eabi-gcc -Wall -O0 -g3 -c -fmessage-length=0 -MT"src/LED_BUTTON_bb.o" -mcpu=cortex-a9 -mfpu=vfpv3 -mfloat-abi=hard -I../../bb_LED_TEST_bsp/ps7_cortexa9_0/include -MMD -MP -MF"src/LED_BUTTON_bb.d" -MT"src/LED_BUTTON_bb.o" -o "src/LED_BUTTON_bb.o" "../src/LED_BUTTON_bb.c"
../src/LED_BUTTON_bb.c: In function 'LEDOutputExample':
../src/LED_BUTTON_bb.c:66:26: error: 'Gpio' undeclared (first use in this function); did you mean 'XGpio'?
     XGpio_DiscreteWrite(&Gpio, LED_CHANNEL, led);
                          ^~~~
                          XGpio
../src/LED_BUTTON_bb.c:66:26: note: each undeclared identifier is reported only once for each function it appears in
make: *** [src/subdir.mk:26: src/LED_BUTTON_bb.o] Error 1
16:29:10 **** Auto Build of configuration Debug for project bb_LED_TEST ****
make pre-build main-build 
a9-linaro-pre-build-step
' '
'Building file: ../src/LED_BUTTON_bb.c'
'Invoking: ARM v7 gcc compiler'
arm-none-eabi-gcc -Wall -O0 -g3 -c -fmessage-length=0 -MT"src/LED_BUTTON_bb.o" -mcpu=cortex-a9 -mfpu=vfpv3 -mfloat-abi=hard -I../../bb_LED_TEST_bsp/ps7_cortexa9_0/include -MMD -MP -MF"src/LED_BUTTON_bb.d" -MT"src/LED_BUTTON_bb.o" -o "src/LED_BUTTON_bb.o" "../src/LED_BUTTON_bb.c"
../src/LED_BUTTON_bb.c: In function 'LEDOutputExample':
../src/LED_BUTTON_bb.c:55:30: error: 'LEDinst' undeclared (first use in this function)
   Status = XGpio_Initialize(&LEDinst, LEDS_DEVICE_ID);
                              ^~~~~~~
../src/LED_BUTTON_bb.c:55:30: note: each undeclared identifier is reported only once for each function it appears in
make: *** [src/subdir.mk:26: src/LED_BUTTON_bb.o] Error 1
16:29:35 **** Auto Build of configuration Debug for project bb_LED_TEST ****
make pre-build main-build 
a9-linaro-pre-build-step
' '
'Building file: ../src/LED_BUTTON_bb.c'
'Invoking: ARM v7 gcc compiler'
arm-none-eabi-gcc -Wall -O0 -g3 -c -fmessage-length=0 -MT"src/LED_BUTTON_bb.o" -mcpu=cortex-a9 -mfpu=vfpv3 -mfloat-abi=hard -I../../bb_LED_TEST_bsp/ps7_cortexa9_0/include -MMD -MP -MF"src/LED_BUTTON_bb.d" -MT"src/LED_BUTTON_bb.o" -o "src/LED_BUTTON_bb.o" "../src/LED_BUTTON_bb.c"
../src/LED_BUTTON_bb.c: In function 'LEDOutputExample':
../src/LED_BUTTON_bb.c:55:30: error: 'LEDinst' undeclared (first use in this function)
   Status = XGpio_Initialize(&LEDinst, LEDS_DEVICE_ID);
                              ^~~~~~~
../src/LED_BUTTON_bb.c:55:30: note: each undeclared identifier is reported only once for each function it appears in
make: *** [src/subdir.mk:29: src/LED_BUTTON_bb.o] Error 1
16:29:47 **** Clean-only build of configuration Debug for project bb_LED_TEST ****
make clean 
rm -rf  ./src/LED_BUTTON_bb.o ./src/LED_test_tut_1C.o ./src/platform.o  ./src/LED_BUTTON_bb.d ./src/LED_test_tut_1C.d ./src/platform.d  bb_LED_TEST.elf.size  bb_LED_TEST.elf
' '
16:29:47 **** Auto Build of configuration Debug for project bb_LED_TEST ****
make pre-build main-build 
a9-linaro-pre-build-step
' '
'Building file: ../src/LED_test_tut_1C.c'
'Invoking: ARM v7 gcc compiler'
arm-none-eabi-gcc -Wall -O0 -g3 -c -fmessage-length=0 -MT"src/LED_test_tut_1C.o" -mcpu=cortex-a9 -mfpu=vfpv3 -mfloat-abi=hard -I../../bb_LED_TEST_bsp/ps7_cortexa9_0/include -MMD -MP -MF"src/LED_test_tut_1C.d" -MT"src/LED_test_tut_1C.o" -o "src/LED_test_tut_1C.o" "../src/LED_test_tut_1C.c"
'Finished building: ../src/LED_test_tut_1C.c'
' '
'Building file: ../src/platform.c'
'Invoking: ARM v7 gcc compiler'
arm-none-eabi-gcc -Wall -O0 -g3 -c -fmessage-length=0 -MT"src/platform.o" -mcpu=cortex-a9 -mfpu=vfpv3 -mfloat-abi=hard -I../../bb_LED_TEST_bsp/ps7_cortexa9_0/include -MMD -MP -MF"src/platform.d" -MT"src/platform.o" -o "src/platform.o" "../src/platform.c"
'Finished building: ../src/platform.c'
' '
'Building target: bb_LED_TEST.elf'
'Invoking: ARM v7 gcc linker'
arm-none-eabi-gcc -mcpu=cortex-a9 -mfpu=vfpv3 -mfloat-abi=hard -Wl,-build-id=none -specs=Xilinx.spec -Wl,-T -Wl,../src/lscript.ld -L../../bb_LED_TEST_bsp/ps7_cortexa9_0/lib -o "bb_LED_TEST.elf"  ./src/LED_test_tut_1C.o ./src/platform.o   -Wl,--start-group,-lxil,-lgcc,-lc,--end-group
'Finished building target: bb_LED_TEST.elf'
' '
'Invoking: ARM v7 Print Size'
arm-none-eabi-size bb_LED_TEST.elf  |tee "bb_LED_TEST.elf.size"
   text	   data	    bss	    dec	    hex	filename
  23508	   1184	  22600	  47292	   b8bc	bb_LED_TEST.elf
'Finished building: bb_LED_TEST.elf.size'
' '
16:29:53 **** Clean-only build of configuration Debug for project bb_LED_TEST ****
make clean 
rm -rf  ./src/LED_test_tut_1C.o ./src/platform.o  ./src/LED_test_tut_1C.d ./src/platform.d  bb_LED_TEST.elf.size  bb_LED_TEST.elf
' '
16:29:53 **** Auto Build of configuration Debug for project bb_LED_TEST ****
make pre-build main-build 
a9-linaro-pre-build-step
' '
'Building file: ../src/LED_BUTTON_bb.c'
'Invoking: ARM v7 gcc compiler'
arm-none-eabi-gcc -Wall -O0 -g3 -c -fmessage-length=0 -MT"src/LED_BUTTON_bb.o" -mcpu=cortex-a9 -mfpu=vfpv3 -mfloat-abi=hard -I../../bb_LED_TEST_bsp/ps7_cortexa9_0/include -MMD -MP -MF"src/LED_BUTTON_bb.d" -MT"src/LED_BUTTON_bb.o" -o "src/LED_BUTTON_bb.o" "../src/LED_BUTTON_bb.c"
'Finished building: ../src/LED_BUTTON_bb.c'
' '
'Building file: ../src/platform.c'
'Invoking: ARM v7 gcc compiler'
arm-none-eabi-gcc -Wall -O0 -g3 -c -fmessage-length=0 -MT"src/platform.o" -mcpu=cortex-a9 -mfpu=vfpv3 -mfloat-abi=hard -I../../bb_LED_TEST_bsp/ps7_cortexa9_0/include -MMD -MP -MF"src/platform.d" -MT"src/platform.o" -o "src/platform.o" "../src/platform.c"
'Finished building: ../src/platform.c'
' '
'Building target: bb_LED_TEST.elf'
'Invoking: ARM v7 gcc linker'
arm-none-eabi-gcc -mcpu=cortex-a9 -mfpu=vfpv3 -mfloat-abi=hard -Wl,-build-id=none -specs=Xilinx.spec -Wl,-T -Wl,../src/lscript.ld -L../../bb_LED_TEST_bsp/ps7_cortexa9_0/lib -o "bb_LED_TEST.elf"  ./src/LED_BUTTON_bb.o ./src/platform.o   -Wl,--start-group,-lxil,-lgcc,-lc,--end-group
'Finished building target: bb_LED_TEST.elf'
' '
'Invoking: ARM v7 Print Size'
arm-none-eabi-size bb_LED_TEST.elf  |tee "bb_LED_TEST.elf.size"
   text	   data	    bss	    dec	    hex	filename
  23508	   1184	  22600	  47292	   b8bc	bb_LED_TEST.elf
'Finished building: bb_LED_TEST.elf.size'
' '
16:30:11 **** Incremental Build of configuration Debug for project bb_LED_TEST ****
make pre-build main-build 
a9-linaro-pre-build-step
' '
make: Nothing to be done for 'main-build'.
16:30:30 **** Auto Build of configuration Debug for project bb_LED_TEST ****
make pre-build main-build 
a9-linaro-pre-build-step
' '
'Building file: ../src/LED_BUTTON_bb.c'
'Invoking: ARM v7 gcc compiler'
arm-none-eabi-gcc -Wall -O0 -g3 -c -fmessage-length=0 -MT"src/LED_BUTTON_bb.o" -mcpu=cortex-a9 -mfpu=vfpv3 -mfloat-abi=hard -I../../bb_LED_TEST_bsp/ps7_cortexa9_0/include -MMD -MP -MF"src/LED_BUTTON_bb.d" -MT"src/LED_BUTTON_bb.o" -o "src/LED_BUTTON_bb.o" "../src/LED_BUTTON_bb.c"
'Finished building: ../src/LED_BUTTON_bb.c'
' '
'Building target: bb_LED_TEST.elf'
'Invoking: ARM v7 gcc linker'
arm-none-eabi-gcc -mcpu=cortex-a9 -mfpu=vfpv3 -mfloat-abi=hard -Wl,-build-id=none -specs=Xilinx.spec -Wl,-T -Wl,../src/lscript.ld -L../../bb_LED_TEST_bsp/ps7_cortexa9_0/lib -o "bb_LED_TEST.elf"  ./src/LED_BUTTON_bb.o ./src/platform.o   -Wl,--start-group,-lxil,-lgcc,-lc,--end-group
'Finished building target: bb_LED_TEST.elf'
' '
'Invoking: ARM v7 Print Size'
arm-none-eabi-size bb_LED_TEST.elf  |tee "bb_LED_TEST.elf.size"
   text	   data	    bss	    dec	    hex	filename
  23508	   1184	  22600	  47292	   b8bc	bb_LED_TEST.elf
'Finished building: bb_LED_TEST.elf.size'
' '
16:30:49 **** Incremental Build of configuration Debug for project bb_LED_TEST ****
make pre-build main-build 
a9-linaro-pre-build-step
' '
make: Nothing to be done for 'main-build'.
16:31:44 **** Auto Build of configuration Debug for project bb_LED_TEST ****
make pre-build main-build 
a9-linaro-pre-build-step
' '
'Building file: ../src/LED_BUTTON_bb.c'
'Invoking: ARM v7 gcc compiler'
arm-none-eabi-gcc -Wall -O0 -g3 -c -fmessage-length=0 -MT"src/LED_BUTTON_bb.o" -mcpu=cortex-a9 -mfpu=vfpv3 -mfloat-abi=hard -I../../bb_LED_TEST_bsp/ps7_cortexa9_0/include -MMD -MP -MF"src/LED_BUTTON_bb.d" -MT"src/LED_BUTTON_bb.o" -o "src/LED_BUTTON_bb.o" "../src/LED_BUTTON_bb.c"
../src/LED_BUTTON_bb.c: In function 'LEDOutputExample':
../src/LED_BUTTON_bb.c:61:27: error: 'Gpio' undeclared (first use in this function); did you mean 'XGpio'?
   XGpio_SetDataDirection(&Gpio, LED_CHANNEL, 0x0);
                           ^~~~
                           XGpio
../src/LED_BUTTON_bb.c:61:27: note: each undeclared identifier is reported only once for each function it appears in
make: *** [src/subdir.mk:26: src/LED_BUTTON_bb.o] Error 1
16:32:01 **** Auto Build of configuration Debug for project bb_LED_TEST ****
make pre-build main-build 
a9-linaro-pre-build-step
' '
'Building file: ../src/LED_BUTTON_bb.c'
'Invoking: ARM v7 gcc compiler'
arm-none-eabi-gcc -Wall -O0 -g3 -c -fmessage-length=0 -MT"src/LED_BUTTON_bb.o" -mcpu=cortex-a9 -mfpu=vfpv3 -mfloat-abi=hard -I../../bb_LED_TEST_bsp/ps7_cortexa9_0/include -MMD -MP -MF"src/LED_BUTTON_bb.d" -MT"src/LED_BUTTON_bb.o" -o "src/LED_BUTTON_bb.o" "../src/LED_BUTTON_bb.c"
../src/LED_BUTTON_bb.c: In function 'LEDOutputExample':
../src/LED_BUTTON_bb.c:66:26: error: 'Gpio' undeclared (first use in this function); did you mean 'XGpio'?
     XGpio_DiscreteWrite(&Gpio, LED_CHANNEL, led);
                          ^~~~
                          XGpio
../src/LED_BUTTON_bb.c:66:26: note: each undeclared identifier is reported only once for each function it appears in
make: *** [src/subdir.mk:26: src/LED_BUTTON_bb.o] Error 1
16:32:13 **** Auto Build of configuration Debug for project bb_LED_TEST ****
make pre-build main-build 
a9-linaro-pre-build-step
' '
'Building file: ../src/LED_BUTTON_bb.c'
'Invoking: ARM v7 gcc compiler'
arm-none-eabi-gcc -Wall -O0 -g3 -c -fmessage-length=0 -MT"src/LED_BUTTON_bb.o" -mcpu=cortex-a9 -mfpu=vfpv3 -mfloat-abi=hard -I../../bb_LED_TEST_bsp/ps7_cortexa9_0/include -MMD -MP -MF"src/LED_BUTTON_bb.d" -MT"src/LED_BUTTON_bb.o" -o "src/LED_BUTTON_bb.o" "../src/LED_BUTTON_bb.c"
'Finished building: ../src/LED_BUTTON_bb.c'
' '
'Building target: bb_LED_TEST.elf'
'Invoking: ARM v7 gcc linker'
arm-none-eabi-gcc -mcpu=cortex-a9 -mfpu=vfpv3 -mfloat-abi=hard -Wl,-build-id=none -specs=Xilinx.spec -Wl,-T -Wl,../src/lscript.ld -L../../bb_LED_TEST_bsp/ps7_cortexa9_0/lib -o "bb_LED_TEST.elf"  ./src/LED_BUTTON_bb.o ./src/platform.o   -Wl,--start-group,-lxil,-lgcc,-lc,--end-group
'Finished building target: bb_LED_TEST.elf'
' '
'Invoking: ARM v7 Print Size'
arm-none-eabi-size bb_LED_TEST.elf  |tee "bb_LED_TEST.elf.size"
   text	   data	    bss	    dec	    hex	filename
  23508	   1184	  22600	  47292	   b8bc	bb_LED_TEST.elf
'Finished building: bb_LED_TEST.elf.size'
' '
16:32:29 **** Incremental Build of configuration Debug for project bb_LED_TEST ****
make pre-build main-build 
a9-linaro-pre-build-step
' '
make: Nothing to be done for 'main-build'.
16:33:10 **** Auto Build of configuration Debug for project bb_LED_TEST ****
make pre-build main-build 
a9-linaro-pre-build-step
' '
'Building file: ../src/LED_BUTTON_bb.c'
'Invoking: ARM v7 gcc compiler'
arm-none-eabi-gcc -Wall -O0 -g3 -c -fmessage-length=0 -MT"src/LED_BUTTON_bb.o" -mcpu=cortex-a9 -mfpu=vfpv3 -mfloat-abi=hard -I../../bb_LED_TEST_bsp/ps7_cortexa9_0/include -MMD -MP -MF"src/LED_BUTTON_bb.d" -MT"src/LED_BUTTON_bb.o" -o "src/LED_BUTTON_bb.o" "../src/LED_BUTTON_bb.c"
'Finished building: ../src/LED_BUTTON_bb.c'
' '
'Building target: bb_LED_TEST.elf'
'Invoking: ARM v7 gcc linker'
arm-none-eabi-gcc -mcpu=cortex-a9 -mfpu=vfpv3 -mfloat-abi=hard -Wl,-build-id=none -specs=Xilinx.spec -Wl,-T -Wl,../src/lscript.ld -L../../bb_LED_TEST_bsp/ps7_cortexa9_0/lib -o "bb_LED_TEST.elf"  ./src/LED_BUTTON_bb.o ./src/platform.o   -Wl,--start-group,-lxil,-lgcc,-lc,--end-group
'Finished building target: bb_LED_TEST.elf'
' '
'Invoking: ARM v7 Print Size'
arm-none-eabi-size bb_LED_TEST.elf  |tee "bb_LED_TEST.elf.size"
   text	   data	    bss	    dec	    hex	filename
  23508	   1184	  22600	  47292	   b8bc	bb_LED_TEST.elf
'Finished building: bb_LED_TEST.elf.size'
' '
16:33:45 **** Auto Build of configuration Debug for project bb_LED_TEST ****
make pre-build main-build 
a9-linaro-pre-build-step
' '
'Building file: ../src/LED_BUTTON_bb.c'
'Invoking: ARM v7 gcc compiler'
arm-none-eabi-gcc -Wall -O0 -g3 -c -fmessage-length=0 -MT"src/LED_BUTTON_bb.o" -mcpu=cortex-a9 -mfpu=vfpv3 -mfloat-abi=hard -I../../bb_LED_TEST_bsp/ps7_cortexa9_0/include -MMD -MP -MF"src/LED_BUTTON_bb.d" -MT"src/LED_BUTTON_bb.o" -o "src/LED_BUTTON_bb.o" "../src/LED_BUTTON_bb.c"
../src/LED_BUTTON_bb.c: In function 'LEDOutputExample':
../src/LED_BUTTON_bb.c:62:27: error: 'LEDinst' undeclared (first use in this function); did you mean 'LEDInst'?
   XGpio_SetDataDirection(&LEDinst, 1, 0x00);
                           ^~~~~~~
                           LEDInst
../src/LED_BUTTON_bb.c:62:27: note: each undeclared identifier is reported only once for each function it appears in
make: *** [src/subdir.mk:26: src/LED_BUTTON_bb.o] Error 1
16:33:49 **** Auto Build of configuration Debug for project bb_LED_TEST ****
make pre-build main-build 
a9-linaro-pre-build-step
' '
'Building file: ../src/LED_BUTTON_bb.c'
'Invoking: ARM v7 gcc compiler'
arm-none-eabi-gcc -Wall -O0 -g3 -c -fmessage-length=0 -MT"src/LED_BUTTON_bb.o" -mcpu=cortex-a9 -mfpu=vfpv3 -mfloat-abi=hard -I../../bb_LED_TEST_bsp/ps7_cortexa9_0/include -MMD -MP -MF"src/LED_BUTTON_bb.d" -MT"src/LED_BUTTON_bb.o" -o "src/LED_BUTTON_bb.o" "../src/LED_BUTTON_bb.c"
../src/LED_BUTTON_bb.c: In function 'LEDOutputExample':
../src/LED_BUTTON_bb.c:67:26: error: 'LEDinst' undeclared (first use in this function); did you mean 'LEDInst'?
     XGpio_DiscreteWrite(&LEDinst, 1, led);
                          ^~~~~~~
                          LEDInst
../src/LED_BUTTON_bb.c:67:26: note: each undeclared identifier is reported only once for each function it appears in
make: *** [src/subdir.mk:26: src/LED_BUTTON_bb.o] Error 1
16:33:56 **** Auto Build of configuration Debug for project bb_LED_TEST ****
make pre-build main-build 
a9-linaro-pre-build-step
' '
'Building file: ../src/LED_BUTTON_bb.c'
'Invoking: ARM v7 gcc compiler'
arm-none-eabi-gcc -Wall -O0 -g3 -c -fmessage-length=0 -MT"src/LED_BUTTON_bb.o" -mcpu=cortex-a9 -mfpu=vfpv3 -mfloat-abi=hard -I../../bb_LED_TEST_bsp/ps7_cortexa9_0/include -MMD -MP -MF"src/LED_BUTTON_bb.d" -MT"src/LED_BUTTON_bb.o" -o "src/LED_BUTTON_bb.o" "../src/LED_BUTTON_bb.c"
'Finished building: ../src/LED_BUTTON_bb.c'
' '
'Building target: bb_LED_TEST.elf'
'Invoking: ARM v7 gcc linker'
arm-none-eabi-gcc -mcpu=cortex-a9 -mfpu=vfpv3 -mfloat-abi=hard -Wl,-build-id=none -specs=Xilinx.spec -Wl,-T -Wl,../src/lscript.ld -L../../bb_LED_TEST_bsp/ps7_cortexa9_0/lib -o "bb_LED_TEST.elf"  ./src/LED_BUTTON_bb.o ./src/platform.o   -Wl,--start-group,-lxil,-lgcc,-lc,--end-group
'Finished building target: bb_LED_TEST.elf'
' '
'Invoking: ARM v7 Print Size'
arm-none-eabi-size bb_LED_TEST.elf  |tee "bb_LED_TEST.elf.size"
   text	   data	    bss	    dec	    hex	filename
  23508	   1184	  22616	  47308	   b8cc	bb_LED_TEST.elf
'Finished building: bb_LED_TEST.elf.size'
' '
16:34:04 **** Auto Build of configuration Debug for project bb_LED_TEST ****
make pre-build main-build 
a9-linaro-pre-build-step
' '
'Building file: ../src/LED_BUTTON_bb.c'
'Invoking: ARM v7 gcc compiler'
arm-none-eabi-gcc -Wall -O0 -g3 -c -fmessage-length=0 -MT"src/LED_BUTTON_bb.o" -mcpu=cortex-a9 -mfpu=vfpv3 -mfloat-abi=hard -I../../bb_LED_TEST_bsp/ps7_cortexa9_0/include -MMD -MP -MF"src/LED_BUTTON_bb.d" -MT"src/LED_BUTTON_bb.o" -o "src/LED_BUTTON_bb.o" "../src/LED_BUTTON_bb.c"
'Finished building: ../src/LED_BUTTON_bb.c'
' '
'Building target: bb_LED_TEST.elf'
'Invoking: ARM v7 gcc linker'
arm-none-eabi-gcc -mcpu=cortex-a9 -mfpu=vfpv3 -mfloat-abi=hard -Wl,-build-id=none -specs=Xilinx.spec -Wl,-T -Wl,../src/lscript.ld -L../../bb_LED_TEST_bsp/ps7_cortexa9_0/lib -o "bb_LED_TEST.elf"  ./src/LED_BUTTON_bb.o ./src/platform.o   -Wl,--start-group,-lxil,-lgcc,-lc,--end-group
'Finished building target: bb_LED_TEST.elf'
' '
'Invoking: ARM v7 Print Size'
arm-none-eabi-size bb_LED_TEST.elf  |tee "bb_LED_TEST.elf.size"
   text	   data	    bss	    dec	    hex	filename
  23508	   1184	  22616	  47308	   b8cc	bb_LED_TEST.elf
'Finished building: bb_LED_TEST.elf.size'
' '
16:34:17 **** Incremental Build of configuration Debug for project bb_LED_TEST ****
make pre-build main-build 
a9-linaro-pre-build-step
' '
make: Nothing to be done for 'main-build'.
16:34:34 **** Auto Build of configuration Debug for project bb_LED_TEST ****
make pre-build main-build 
a9-linaro-pre-build-step
' '
'Building file: ../src/LED_BUTTON_bb.c'
'Invoking: ARM v7 gcc compiler'
arm-none-eabi-gcc -Wall -O0 -g3 -c -fmessage-length=0 -MT"src/LED_BUTTON_bb.o" -mcpu=cortex-a9 -mfpu=vfpv3 -mfloat-abi=hard -I../../bb_LED_TEST_bsp/ps7_cortexa9_0/include -MMD -MP -MF"src/LED_BUTTON_bb.d" -MT"src/LED_BUTTON_bb.o" -o "src/LED_BUTTON_bb.o" "../src/LED_BUTTON_bb.c"
'Finished building: ../src/LED_BUTTON_bb.c'
' '
'Building target: bb_LED_TEST.elf'
'Invoking: ARM v7 gcc linker'
arm-none-eabi-gcc -mcpu=cortex-a9 -mfpu=vfpv3 -mfloat-abi=hard -Wl,-build-id=none -specs=Xilinx.spec -Wl,-T -Wl,../src/lscript.ld -L../../bb_LED_TEST_bsp/ps7_cortexa9_0/lib -o "bb_LED_TEST.elf"  ./src/LED_BUTTON_bb.o ./src/platform.o   -Wl,--start-group,-lxil,-lgcc,-lc,--end-group
'Finished building target: bb_LED_TEST.elf'
' '
'Invoking: ARM v7 Print Size'
arm-none-eabi-size bb_LED_TEST.elf  |tee "bb_LED_TEST.elf.size"
   text	   data	    bss	    dec	    hex	filename
  23508	   1184	  22616	  47308	   b8cc	bb_LED_TEST.elf
'Finished building: bb_LED_TEST.elf.size'
' '
16:35:05 **** Auto Build of configuration Debug for project bb_LED_TEST ****
make pre-build main-build 
a9-linaro-pre-build-step
' '
'Building file: ../src/LED_BUTTON_bb.c'
'Invoking: ARM v7 gcc compiler'
arm-none-eabi-gcc -Wall -O0 -g3 -c -fmessage-length=0 -MT"src/LED_BUTTON_bb.o" -mcpu=cortex-a9 -mfpu=vfpv3 -mfloat-abi=hard -I../../bb_LED_TEST_bsp/ps7_cortexa9_0/include -MMD -MP -MF"src/LED_BUTTON_bb.d" -MT"src/LED_BUTTON_bb.o" -o "src/LED_BUTTON_bb.o" "../src/LED_BUTTON_bb.c"
'Finished building: ../src/LED_BUTTON_bb.c'
' '
'Building target: bb_LED_TEST.elf'
'Invoking: ARM v7 gcc linker'
arm-none-eabi-gcc -mcpu=cortex-a9 -mfpu=vfpv3 -mfloat-abi=hard -Wl,-build-id=none -specs=Xilinx.spec -Wl,-T -Wl,../src/lscript.ld -L../../bb_LED_TEST_bsp/ps7_cortexa9_0/lib -o "bb_LED_TEST.elf"  ./src/LED_BUTTON_bb.o ./src/platform.o   -Wl,--start-group,-lxil,-lgcc,-lc,--end-group
'Finished building target: bb_LED_TEST.elf'
' '
'Invoking: ARM v7 Print Size'
arm-none-eabi-size bb_LED_TEST.elf  |tee "bb_LED_TEST.elf.size"
   text	   data	    bss	    dec	    hex	filename
  23508	   1184	  22616	  47308	   b8cc	bb_LED_TEST.elf
'Finished building: bb_LED_TEST.elf.size'
' '
16:35:49 **** Incremental Build of configuration Debug for project bb_LED_TEST ****
make pre-build main-build 
a9-linaro-pre-build-step
' '
make: Nothing to be done for 'main-build'.
16:36:08 **** Incremental Build of configuration Debug for project bb_LED_TEST ****
make pre-build main-build 
a9-linaro-pre-build-step
' '
make: Nothing to be done for 'main-build'.
16:36:19 **** Auto Build of configuration Debug for project bb_LED_TEST ****
make pre-build main-build 
a9-linaro-pre-build-step
' '
'Building file: ../src/LED_BUTTON_bb.c'
'Invoking: ARM v7 gcc compiler'
arm-none-eabi-gcc -Wall -O0 -g3 -c -fmessage-length=0 -MT"src/LED_BUTTON_bb.o" -mcpu=cortex-a9 -mfpu=vfpv3 -mfloat-abi=hard -I../../bb_LED_TEST_bsp/ps7_cortexa9_0/include -MMD -MP -MF"src/LED_BUTTON_bb.d" -MT"src/LED_BUTTON_bb.o" -o "src/LED_BUTTON_bb.o" "../src/LED_BUTTON_bb.c"
'Finished building: ../src/LED_BUTTON_bb.c'
' '
'Building target: bb_LED_TEST.elf'
'Invoking: ARM v7 gcc linker'
arm-none-eabi-gcc -mcpu=cortex-a9 -mfpu=vfpv3 -mfloat-abi=hard -Wl,-build-id=none -specs=Xilinx.spec -Wl,-T -Wl,../src/lscript.ld -L../../bb_LED_TEST_bsp/ps7_cortexa9_0/lib -o "bb_LED_TEST.elf"  ./src/LED_BUTTON_bb.o ./src/platform.o   -Wl,--start-group,-lxil,-lgcc,-lc,--end-group
'Finished building target: bb_LED_TEST.elf'
' '
'Invoking: ARM v7 Print Size'
arm-none-eabi-size bb_LED_TEST.elf  |tee "bb_LED_TEST.elf.size"
   text	   data	    bss	    dec	    hex	filename
  23508	   1184	  22616	  47308	   b8cc	bb_LED_TEST.elf
'Finished building: bb_LED_TEST.elf.size'
' '
16:36:31 **** Incremental Build of configuration Debug for project bb_LED_TEST ****
make pre-build main-build 
a9-linaro-pre-build-step
' '
make: Nothing to be done for 'main-build'.
16:36:43 **** Auto Build of configuration Debug for project bb_LED_TEST ****
make pre-build main-build 
a9-linaro-pre-build-step
' '
'Building file: ../src/LED_BUTTON_bb.c'
'Invoking: ARM v7 gcc compiler'
arm-none-eabi-gcc -Wall -O0 -g3 -c -fmessage-length=0 -MT"src/LED_BUTTON_bb.o" -mcpu=cortex-a9 -mfpu=vfpv3 -mfloat-abi=hard -I../../bb_LED_TEST_bsp/ps7_cortexa9_0/include -MMD -MP -MF"src/LED_BUTTON_bb.d" -MT"src/LED_BUTTON_bb.o" -o "src/LED_BUTTON_bb.o" "../src/LED_BUTTON_bb.c"
'Finished building: ../src/LED_BUTTON_bb.c'
' '
'Building target: bb_LED_TEST.elf'
'Invoking: ARM v7 gcc linker'
arm-none-eabi-gcc -mcpu=cortex-a9 -mfpu=vfpv3 -mfloat-abi=hard -Wl,-build-id=none -specs=Xilinx.spec -Wl,-T -Wl,../src/lscript.ld -L../../bb_LED_TEST_bsp/ps7_cortexa9_0/lib -o "bb_LED_TEST.elf"  ./src/LED_BUTTON_bb.o ./src/platform.o   -Wl,--start-group,-lxil,-lgcc,-lc,--end-group
'Finished building target: bb_LED_TEST.elf'
' '
[...]
  static int btn_status, btn_status_hold, led_status, Delay;
                                          ^~~~~~~~~~
At top level:
../src/LED_BUTTON_bb.c:50:42: warning: 'led_status' defined but not used [-Wunused-variable]
make: *** [src/subdir.mk:26: src/LED_BUTTON_bb.o] Error 1
18:04:46 **** Auto Build of configuration Debug for project bb_LED_TEST ****
make -j12 pre-build main-build 
a9-linaro-pre-build-step
'Building file: ../src/LED_BUTTON_bb.c'
' '
'Invoking: ARM v7 gcc compiler'
arm-none-eabi-gcc -Wall -O0 -g3 -c -fmessage-length=0 -MT"src/LED_BUTTON_bb.o" -mcpu=cortex-a9 -mfpu=vfpv3 -mfloat-abi=hard -I../../bb_LED_TEST_bsp/ps7_cortexa9_0/include -MMD -MP -MF"src/LED_BUTTON_bb.d" -MT"src/LED_BUTTON_bb.o" -o "src/LED_BUTTON_bb.o" "../src/LED_BUTTON_bb.c"
../src/LED_BUTTON_bb.c: In function 'main':
../src/LED_BUTTON_bb.c:51:25: warning: variable 'led_status_hold' set but not used [-Wunused-but-set-variable]
  int led_count_up_zero, led_status_hold = 0;
                         ^~~~~~~~~~~~~~~
../src/LED_BUTTON_bb.c:50:42: warning: unused variable 'led_status' [-Wunused-variable]
  static int btn_status, btn_status_hold, led_status, Delay;
                                          ^~~~~~~~~~
At top level:
../src/LED_BUTTON_bb.c:50:42: warning: 'led_status' defined but not used [-Wunused-variable]
'Finished building: ../src/LED_BUTTON_bb.c'
' '
'Building target: bb_LED_TEST.elf'
'Invoking: ARM v7 gcc linker'
arm-none-eabi-gcc -mcpu=cortex-a9 -mfpu=vfpv3 -mfloat-abi=hard -Wl,-build-id=none -specs=Xilinx.spec -Wl,-T -Wl,../src/lscript.ld -L../../bb_LED_TEST_bsp/ps7_cortexa9_0/lib -o "bb_LED_TEST.elf"  ./src/LED_BUTTON_bb.o ./src/platform.o   -Wl,--start-group,-lxil,-lgcc,-lc,--end-group
'Finished building target: bb_LED_TEST.elf'
' '
'Invoking: ARM v7 Print Size'
arm-none-eabi-size bb_LED_TEST.elf  |tee "bb_LED_TEST.elf.size"
   text	   data	    bss	    dec	    hex	filename
  20736	   1176	  22632	  44544	   ae00	bb_LED_TEST.elf
'Finished building: bb_LED_TEST.elf.size'
' '
18:05:23 **** Auto Build of configuration Debug for project bb_LED_TEST ****
make -j12 pre-build main-build 
a9-linaro-pre-build-step
'Building file: ../src/LED_BUTTON_bb.c'
' '
'Invoking: ARM v7 gcc compiler'
arm-none-eabi-gcc -Wall -O0 -g3 -c -fmessage-length=0 -MT"src/LED_BUTTON_bb.o" -mcpu=cortex-a9 -mfpu=vfpv3 -mfloat-abi=hard -I../../bb_LED_TEST_bsp/ps7_cortexa9_0/include -MMD -MP -MF"src/LED_BUTTON_bb.d" -MT"src/LED_BUTTON_bb.o" -o "src/LED_BUTTON_bb.o" "../src/LED_BUTTON_bb.c"
../src/LED_BUTTON_bb.c: In function 'main':
../src/LED_BUTTON_bb.c:50:42: warning: unused variable 'led_status' [-Wunused-variable]
  static int btn_status, btn_status_hold, led_status, Delay;
                                          ^~~~~~~~~~
At top level:
../src/LED_BUTTON_bb.c:50:42: warning: 'led_status' defined but not used [-Wunused-variable]
'Finished building: ../src/LED_BUTTON_bb.c'
' '
'Building target: bb_LED_TEST.elf'
'Invoking: ARM v7 gcc linker'
arm-none-eabi-gcc -mcpu=cortex-a9 -mfpu=vfpv3 -mfloat-abi=hard -Wl,-build-id=none -specs=Xilinx.spec -Wl,-T -Wl,../src/lscript.ld -L../../bb_LED_TEST_bsp/ps7_cortexa9_0/lib -o "bb_LED_TEST.elf"  ./src/LED_BUTTON_bb.o ./src/platform.o   -Wl,--start-group,-lxil,-lgcc,-lc,--end-group
'Finished building target: bb_LED_TEST.elf'
' '
'Invoking: ARM v7 Print Size'
arm-none-eabi-size bb_LED_TEST.elf  |tee "bb_LED_TEST.elf.size"
   text	   data	    bss	    dec	    hex	filename
  20784	   1176	  22632	  44592	   ae30	bb_LED_TEST.elf
'Finished building: bb_LED_TEST.elf.size'
' '
18:05:37 **** Incremental Build of configuration Debug for project bb_LED_TEST ****
make -j12 pre-build main-build 
a9-linaro-pre-build-step
make: Nothing to be done for 'main-build'.
' '
18:06:16 **** Auto Build of configuration Debug for project bb_LED_TEST ****
make -j12 pre-build main-build 
a9-linaro-pre-build-step
'Building file: ../src/LED_BUTTON_bb.c'
' '
'Invoking: ARM v7 gcc compiler'
arm-none-eabi-gcc -Wall -O0 -g3 -c -fmessage-length=0 -MT"src/LED_BUTTON_bb.o" -mcpu=cortex-a9 -mfpu=vfpv3 -mfloat-abi=hard -I../../bb_LED_TEST_bsp/ps7_cortexa9_0/include -MMD -MP -MF"src/LED_BUTTON_bb.d" -MT"src/LED_BUTTON_bb.o" -o "src/LED_BUTTON_bb.o" "../src/LED_BUTTON_bb.c"
../src/LED_BUTTON_bb.c: In function 'main':
../src/LED_BUTTON_bb.c:50:42: warning: unused variable 'led_status' [-Wunused-variable]
  static int btn_status, btn_status_hold, led_status, Delay;
                                          ^~~~~~~~~~
At top level:
../src/LED_BUTTON_bb.c:50:42: warning: 'led_status' defined but not used [-Wunused-variable]
'Finished building: ../src/LED_BUTTON_bb.c'
' '
'Building target: bb_LED_TEST.elf'
'Invoking: ARM v7 gcc linker'
arm-none-eabi-gcc -mcpu=cortex-a9 -mfpu=vfpv3 -mfloat-abi=hard -Wl,-build-id=none -specs=Xilinx.spec -Wl,-T -Wl,../src/lscript.ld -L../../bb_LED_TEST_bsp/ps7_cortexa9_0/lib -o "bb_LED_TEST.elf"  ./src/LED_BUTTON_bb.o ./src/platform.o   -Wl,--start-group,-lxil,-lgcc,-lc,--end-group
'Finished building target: bb_LED_TEST.elf'
' '
'Invoking: ARM v7 Print Size'
arm-none-eabi-size bb_LED_TEST.elf  |tee "bb_LED_TEST.elf.size"
   text	   data	    bss	    dec	    hex	filename
  20784	   1176	  22632	  44592	   ae30	bb_LED_TEST.elf
'Finished building: bb_LED_TEST.elf.size'
' '
18:06:32 **** Incremental Build of configuration Debug for project bb_LED_TEST ****
make -j12 pre-build main-build 
a9-linaro-pre-build-step
make: Nothing to be done for 'main-build'.
' '
18:07:25 **** Auto Build of configuration Debug for project bb_LED_TEST ****
make -j12 pre-build main-build 
a9-linaro-pre-build-step
'Building file: ../src/LED_BUTTON_bb.c'
' '
'Invoking: ARM v7 gcc compiler'
arm-none-eabi-gcc -Wall -O0 -g3 -c -fmessage-length=0 -MT"src/LED_BUTTON_bb.o" -mcpu=cortex-a9 -mfpu=vfpv3 -mfloat-abi=hard -I../../bb_LED_TEST_bsp/ps7_cortexa9_0/include -MMD -MP -MF"src/LED_BUTTON_bb.d" -MT"src/LED_BUTTON_bb.o" -o "src/LED_BUTTON_bb.o" "../src/LED_BUTTON_bb.c"
../src/LED_BUTTON_bb.c: In function 'main':
../src/LED_BUTTON_bb.c:50:42: warning: unused variable 'led_status' [-Wunused-variable]
  static int btn_status, btn_status_hold, led_status, Delay;
                                          ^~~~~~~~~~
At top level:
../src/LED_BUTTON_bb.c:50:42: warning: 'led_status' defined but not used [-Wunused-variable]
'Finished building: ../src/LED_BUTTON_bb.c'
' '
'Building target: bb_LED_TEST.elf'
'Invoking: ARM v7 gcc linker'
arm-none-eabi-gcc -mcpu=cortex-a9 -mfpu=vfpv3 -mfloat-abi=hard -Wl,-build-id=none -specs=Xilinx.spec -Wl,-T -Wl,../src/lscript.ld -L../../bb_LED_TEST_bsp/ps7_cortexa9_0/lib -o "bb_LED_TEST.elf"  ./src/LED_BUTTON_bb.o ./src/platform.o   -Wl,--start-group,-lxil,-lgcc,-lc,--end-group
'Finished building target: bb_LED_TEST.elf'
' '
'Invoking: ARM v7 Print Size'
arm-none-eabi-size bb_LED_TEST.elf  |tee "bb_LED_TEST.elf.size"
   text	   data	    bss	    dec	    hex	filename
  20836	   1176	  22632	  44644	   ae64	bb_LED_TEST.elf
'Finished building: bb_LED_TEST.elf.size'
' '
18:07:34 **** Auto Build of configuration Debug for project bb_LED_TEST ****
make -j12 pre-build main-build 
a9-linaro-pre-build-step
'Building file: ../src/LED_BUTTON_bb.c'
' '
'Invoking: ARM v7 gcc compiler'
arm-none-eabi-gcc -Wall -O0 -g3 -c -fmessage-length=0 -MT"src/LED_BUTTON_bb.o" -mcpu=cortex-a9 -mfpu=vfpv3 -mfloat-abi=hard -I../../bb_LED_TEST_bsp/ps7_cortexa9_0/include -MMD -MP -MF"src/LED_BUTTON_bb.d" -MT"src/LED_BUTTON_bb.o" -o "src/LED_BUTTON_bb.o" "../src/LED_BUTTON_bb.c"
../src/LED_BUTTON_bb.c: In function 'main':
../src/LED_BUTTON_bb.c:50:42: warning: unused variable 'led_status' [-Wunused-variable]
  static int btn_status, btn_status_hold, led_status, Delay;
                                          ^~~~~~~~~~
At top level:
../src/LED_BUTTON_bb.c:50:42: warning: 'led_status' defined but not used [-Wunused-variable]
'Finished building: ../src/LED_BUTTON_bb.c'
' '
'Building target: bb_LED_TEST.elf'
'Invoking: ARM v7 gcc linker'
arm-none-eabi-gcc -mcpu=cortex-a9 -mfpu=vfpv3 -mfloat-abi=hard -Wl,-build-id=none -specs=Xilinx.spec -Wl,-T -Wl,../src/lscript.ld -L../../bb_LED_TEST_bsp/ps7_cortexa9_0/lib -o "bb_LED_TEST.elf"  ./src/LED_BUTTON_bb.o ./src/platform.o   -Wl,--start-group,-lxil,-lgcc,-lc,--end-group
'Finished building target: bb_LED_TEST.elf'
' '
'Invoking: ARM v7 Print Size'
arm-none-eabi-size bb_LED_TEST.elf  |tee "bb_LED_TEST.elf.size"
   text	   data	    bss	    dec	    hex	filename
  20764	   1176	  22632	  44572	   ae1c	bb_LED_TEST.elf
'Finished building: bb_LED_TEST.elf.size'
' '
18:07:48 **** Incremental Build of configuration Debug for project bb_LED_TEST ****
make -j12 pre-build main-build 
a9-linaro-pre-build-step
make: Nothing to be done for 'main-build'.
' '
18:08:12 **** Incremental Build of configuration Debug for project bb_LED_TEST ****
make -j12 pre-build main-build 
a9-linaro-pre-build-step
make: Nothing to be done for 'main-build'.
' '
18:08:44 **** Auto Build of configuration Debug for project bb_LED_TEST ****
make -j12 pre-build main-build 
a9-linaro-pre-build-step
'Building file: ../src/LED_BUTTON_bb.c'
' '
'Invoking: ARM v7 gcc compiler'
arm-none-eabi-gcc -Wall -O0 -g3 -c -fmessage-length=0 -MT"src/LED_BUTTON_bb.o" -mcpu=cortex-a9 -mfpu=vfpv3 -mfloat-abi=hard -I../../bb_LED_TEST_bsp/ps7_cortexa9_0/include -MMD -MP -MF"src/LED_BUTTON_bb.d" -MT"src/LED_BUTTON_bb.o" -o "src/LED_BUTTON_bb.o" "../src/LED_BUTTON_bb.c"
../src/LED_BUTTON_bb.c: In function 'main':
../src/LED_BUTTON_bb.c:50:42: warning: unused variable 'led_status' [-Wunused-variable]
  static int btn_status, btn_status_hold, led_status, Delay;
                                          ^~~~~~~~~~
At top level:
../src/LED_BUTTON_bb.c:50:42: warning: 'led_status' defined but not used [-Wunused-variable]
'Finished building: ../src/LED_BUTTON_bb.c'
' '
'Building target: bb_LED_TEST.elf'
'Invoking: ARM v7 gcc linker'
arm-none-eabi-gcc -mcpu=cortex-a9 -mfpu=vfpv3 -mfloat-abi=hard -Wl,-build-id=none -specs=Xilinx.spec -Wl,-T -Wl,../src/lscript.ld -L../../bb_LED_TEST_bsp/ps7_cortexa9_0/lib -o "bb_LED_TEST.elf"  ./src/LED_BUTTON_bb.o ./src/platform.o   -Wl,--start-group,-lxil,-lgcc,-lc,--end-group
'Finished building target: bb_LED_TEST.elf'
' '
'Invoking: ARM v7 Print Size'
arm-none-eabi-size bb_LED_TEST.elf  |tee "bb_LED_TEST.elf.size"
   text	   data	    bss	    dec	    hex	filename
  20792	   1176	  22632	  44600	   ae38	bb_LED_TEST.elf
'Finished building: bb_LED_TEST.elf.size'
' '
18:09:00 **** Incremental Build of configuration Debug for project bb_LED_TEST ****
make -j12 pre-build main-build 
a9-linaro-pre-build-step
make: Nothing to be done for 'main-build'.
' '
18:09:41 **** Auto Build of configuration Debug for project bb_LED_TEST ****
make -j12 pre-build main-build 
a9-linaro-pre-build-step
'Building file: ../src/LED_BUTTON_bb.c'
' '
'Invoking: ARM v7 gcc compiler'
arm-none-eabi-gcc -Wall -O0 -g3 -c -fmessage-length=0 -MT"src/LED_BUTTON_bb.o" -mcpu=cortex-a9 -mfpu=vfpv3 -mfloat-abi=hard -I../../bb_LED_TEST_bsp/ps7_cortexa9_0/include -MMD -MP -MF"src/LED_BUTTON_bb.d" -MT"src/LED_BUTTON_bb.o" -o "src/LED_BUTTON_bb.o" "../src/LED_BUTTON_bb.c"
../src/LED_BUTTON_bb.c: In function 'main':
../src/LED_BUTTON_bb.c:50:42: warning: unused variable 'led_status' [-Wunused-variable]
  static int btn_status, btn_status_hold, led_status, Delay;
                                          ^~~~~~~~~~
../src/LED_BUTTON_bb.c:50:25: warning: variable 'btn_status_hold' set but not used [-Wunused-but-set-variable]
  static int btn_status, btn_status_hold, led_status, Delay;
                         ^~~~~~~~~~~~~~~
At top level:
../src/LED_BUTTON_bb.c:50:42: warning: 'led_status' defined but not used [-Wunused-variable]
  static int btn_status, btn_status_hold, led_status, Delay;
                                          ^~~~~~~~~~
'Finished building: ../src/LED_BUTTON_bb.c'
' '
'Building target: bb_LED_TEST.elf'
'Invoking: ARM v7 gcc linker'
arm-none-eabi-gcc -mcpu=cortex-a9 -mfpu=vfpv3 -mfloat-abi=hard -Wl,-build-id=none -specs=Xilinx.spec -Wl,-T -Wl,../src/lscript.ld -L../../bb_LED_TEST_bsp/ps7_cortexa9_0/lib -o "bb_LED_TEST.elf"  ./src/LED_BUTTON_bb.o ./src/platform.o   -Wl,--start-group,-lxil,-lgcc,-lc,--end-group
'Finished building target: bb_LED_TEST.elf'
' '
'Invoking: ARM v7 Print Size'
arm-none-eabi-size bb_LED_TEST.elf  |tee "bb_LED_TEST.elf.size"
   text	   data	    bss	    dec	    hex	filename
  20792	   1176	  22632	  44600	   ae38	bb_LED_TEST.elf
'Finished building: bb_LED_TEST.elf.size'
' '
18:09:55 **** Incremental Build of configuration Debug for project bb_LED_TEST ****
make -j12 pre-build main-build 
a9-linaro-pre-build-step
make: Nothing to be done for 'main-build'.
' '
18:10:32 **** Auto Build of configuration Debug for project bb_LED_TEST ****
make -j12 pre-build main-build 
a9-linaro-pre-build-step
'Building file: ../src/LED_BUTTON_bb.c'
' '
'Invoking: ARM v7 gcc compiler'
arm-none-eabi-gcc -Wall -O0 -g3 -c -fmessage-length=0 -MT"src/LED_BUTTON_bb.o" -mcpu=cortex-a9 -mfpu=vfpv3 -mfloat-abi=hard -I../../bb_LED_TEST_bsp/ps7_cortexa9_0/include -MMD -MP -MF"src/LED_BUTTON_bb.d" -MT"src/LED_BUTTON_bb.o" -o "src/LED_BUTTON_bb.o" "../src/LED_BUTTON_bb.c"
../src/LED_BUTTON_bb.c: In function 'main':
../src/LED_BUTTON_bb.c:50:42: warning: unused variable 'led_status' [-Wunused-variable]
  static int btn_status, btn_status_hold, led_status, Delay;
                                          ^~~~~~~~~~
At top level:
../src/LED_BUTTON_bb.c:50:42: warning: 'led_status' defined but not used [-Wunused-variable]
'Finished building: ../src/LED_BUTTON_bb.c'
' '
'Building target: bb_LED_TEST.elf'
'Invoking: ARM v7 gcc linker'
arm-none-eabi-gcc -mcpu=cortex-a9 -mfpu=vfpv3 -mfloat-abi=hard -Wl,-build-id=none -specs=Xilinx.spec -Wl,-T -Wl,../src/lscript.ld -L../../bb_LED_TEST_bsp/ps7_cortexa9_0/lib -o "bb_LED_TEST.elf"  ./src/LED_BUTTON_bb.o ./src/platform.o   -Wl,--start-group,-lxil,-lgcc,-lc,--end-group
'Finished building target: bb_LED_TEST.elf'
' '
'Invoking: ARM v7 Print Size'
arm-none-eabi-size bb_LED_TEST.elf  |tee "bb_LED_TEST.elf.size"
   text	   data	    bss	    dec	    hex	filename
  20792	   1176	  22632	  44600	   ae38	bb_LED_TEST.elf
'Finished building: bb_LED_TEST.elf.size'
' '
18:11:01 **** Auto Build of configuration Debug for project bb_LED_TEST ****
make -j12 pre-build main-build 
a9-linaro-pre-build-step
'Building file: ../src/LED_BUTTON_bb.c'
' '
'Invoking: ARM v7 gcc compiler'
arm-none-eabi-gcc -Wall -O0 -g3 -c -fmessage-length=0 -MT"src/LED_BUTTON_bb.o" -mcpu=cortex-a9 -mfpu=vfpv3 -mfloat-abi=hard -I../../bb_LED_TEST_bsp/ps7_cortexa9_0/include -MMD -MP -MF"src/LED_BUTTON_bb.d" -MT"src/LED_BUTTON_bb.o" -o "src/LED_BUTTON_bb.o" "../src/LED_BUTTON_bb.c"
../src/LED_BUTTON_bb.c: In function 'main':
../src/LED_BUTTON_bb.c:50:42: warning: unused variable 'led_status' [-Wunused-variable]
  static int btn_status, btn_status_hold, led_status, Delay;
                                          ^~~~~~~~~~
At top level:
../src/LED_BUTTON_bb.c:50:42: warning: 'led_status' defined but not used [-Wunused-variable]
'Finished building: ../src/LED_BUTTON_bb.c'
' '
'Building target: bb_LED_TEST.elf'
'Invoking: ARM v7 gcc linker'
arm-none-eabi-gcc -mcpu=cortex-a9 -mfpu=vfpv3 -mfloat-abi=hard -Wl,-build-id=none -specs=Xilinx.spec -Wl,-T -Wl,../src/lscript.ld -L../../bb_LED_TEST_bsp/ps7_cortexa9_0/lib -o "bb_LED_TEST.elf"  ./src/LED_BUTTON_bb.o ./src/platform.o   -Wl,--start-group,-lxil,-lgcc,-lc,--end-group
'Finished building target: bb_LED_TEST.elf'
' '
'Invoking: ARM v7 Print Size'
arm-none-eabi-size bb_LED_TEST.elf  |tee "bb_LED_TEST.elf.size"
   text	   data	    bss	    dec	    hex	filename
  20776	   1176	  22632	  44584	   ae28	bb_LED_TEST.elf
'Finished building: bb_LED_TEST.elf.size'
' '
18:11:15 **** Incremental Build of configuration Debug for project bb_LED_TEST ****
make -j12 pre-build main-build 
a9-linaro-pre-build-step
make: Nothing to be done for 'main-build'.
' '
18:11:36 **** Auto Build of configuration Debug for project bb_LED_TEST ****
make -j12 pre-build main-build 
a9-linaro-pre-build-step
'Building file: ../src/LED_BUTTON_bb.c'
' '
'Invoking: ARM v7 gcc compiler'
arm-none-eabi-gcc -Wall -O0 -g3 -c -fmessage-length=0 -MT"src/LED_BUTTON_bb.o" -mcpu=cortex-a9 -mfpu=vfpv3 -mfloat-abi=hard -I../../bb_LED_TEST_bsp/ps7_cortexa9_0/include -MMD -MP -MF"src/LED_BUTTON_bb.d" -MT"src/LED_BUTTON_bb.o" -o "src/LED_BUTTON_bb.o" "../src/LED_BUTTON_bb.c"
../src/LED_BUTTON_bb.c: In function 'main':
../src/LED_BUTTON_bb.c:50:42: warning: unused variable 'led_status' [-Wunused-variable]
  static int btn_status, btn_status_hold, led_status, Delay;
                                          ^~~~~~~~~~
../src/LED_BUTTON_bb.c:50:25: warning: variable 'btn_status_hold' set but not used [-Wunused-but-set-variable]
  static int btn_status, btn_status_hold, led_status, Delay;
                         ^~~~~~~~~~~~~~~
At top level:
../src/LED_BUTTON_bb.c:50:42: warning: 'led_status' defined but not used [-Wunused-variable]
  static int btn_status, btn_status_hold, led_status, Delay;
                                          ^~~~~~~~~~
'Finished building: ../src/LED_BUTTON_bb.c'
' '
'Building target: bb_LED_TEST.elf'
'Invoking: ARM v7 gcc linker'
arm-none-eabi-gcc -mcpu=cortex-a9 -mfpu=vfpv3 -mfloat-abi=hard -Wl,-build-id=none -specs=Xilinx.spec -Wl,-T -Wl,../src/lscript.ld -L../../bb_LED_TEST_bsp/ps7_cortexa9_0/lib -o "bb_LED_TEST.elf"  ./src/LED_BUTTON_bb.o ./src/platform.o   -Wl,--start-group,-lxil,-lgcc,-lc,--end-group
'Finished building target: bb_LED_TEST.elf'
' '
'Invoking: ARM v7 Print Size'
arm-none-eabi-size bb_LED_TEST.elf  |tee "bb_LED_TEST.elf.size"
   text	   data	    bss	    dec	    hex	filename
  20776	   1176	  22632	  44584	   ae28	bb_LED_TEST.elf
'Finished building: bb_LED_TEST.elf.size'
' '
18:11:55 **** Incremental Build of configuration Debug for project bb_LED_TEST ****
make -j12 pre-build main-build 
a9-linaro-pre-build-step
make: Nothing to be done for 'main-build'.
' '
18:13:06 **** Auto Build of configuration Debug for project bb_LED_TEST ****
make -j12 pre-build main-build 
a9-linaro-pre-build-step
'Building file: ../src/LED_BUTTON_bb.c'
' '
'Invoking: ARM v7 gcc compiler'
arm-none-eabi-gcc -Wall -O0 -g3 -c -fmessage-length=0 -MT"src/LED_BUTTON_bb.o" -mcpu=cortex-a9 -mfpu=vfpv3 -mfloat-abi=hard -I../../bb_LED_TEST_bsp/ps7_cortexa9_0/include -MMD -MP -MF"src/LED_BUTTON_bb.d" -MT"src/LED_BUTTON_bb.o" -o "src/LED_BUTTON_bb.o" "../src/LED_BUTTON_bb.c"
../src/LED_BUTTON_bb.c: In function 'main':
../src/LED_BUTTON_bb.c:50:42: warning: unused variable 'led_status' [-Wunused-variable]
  static int btn_status, btn_status_hold, led_status, Delay;
                                          ^~~~~~~~~~
../src/LED_BUTTON_bb.c:50:25: warning: variable 'btn_status_hold' set but not used [-Wunused-but-set-variable]
  static int btn_status, btn_status_hold, led_status, Delay;
                         ^~~~~~~~~~~~~~~
At top level:
../src/LED_BUTTON_bb.c:50:42: warning: 'led_status' defined but not used [-Wunused-variable]
  static int btn_status, btn_status_hold, led_status, Delay;
                                          ^~~~~~~~~~
'Finished building: ../src/LED_BUTTON_bb.c'
' '
'Building target: bb_LED_TEST.elf'
'Invoking: ARM v7 gcc linker'
arm-none-eabi-gcc -mcpu=cortex-a9 -mfpu=vfpv3 -mfloat-abi=hard -Wl,-build-id=none -specs=Xilinx.spec -Wl,-T -Wl,../src/lscript.ld -L../../bb_LED_TEST_bsp/ps7_cortexa9_0/lib -o "bb_LED_TEST.elf"  ./src/LED_BUTTON_bb.o ./src/platform.o   -Wl,--start-group,-lxil,-lgcc,-lc,--end-group
'Finished building target: bb_LED_TEST.elf'
' '
'Invoking: ARM v7 Print Size'
arm-none-eabi-size bb_LED_TEST.elf  |tee "bb_LED_TEST.elf.size"
   text	   data	    bss	    dec	    hex	filename
  20844	   1176	  22632	  44652	   ae6c	bb_LED_TEST.elf
'Finished building: bb_LED_TEST.elf.size'
' '
18:13:21 **** Incremental Build of configuration Debug for project bb_LED_TEST ****
make -j12 pre-build main-build 
a9-linaro-pre-build-step
make: Nothing to be done for 'main-build'.
' '
