08:37:21 **** Build of configuration Debug for project lab8 ****
make pre-build main-build 
a9-linaro-pre-build-step
' '
'Building file: ../src/main.c'
'Invoking: ARM v7 gcc compiler'
arm-none-eabi-gcc -Wall -O0 -g3 -c -fmessage-length=0 -MT"src/main.o" -mcpu=cortex-a9 -mfpu=vfpv3 -mfloat-abi=hard -I../../lab8_bsp/ps7_cortexa9_0/include -MMD -MP -MF"src/main.d" -MT"src/main.o" -o "src/main.o" "../src/main.c"
'Finished building: ../src/main.c'
' '
'Building target: lab8.elf'
'Invoking: ARM v7 gcc linker'
arm-none-eabi-gcc -mcpu=cortex-a9 -mfpu=vfpv3 -mfloat-abi=hard -Wl,-build-id=none -specs=Xilinx.spec -Wl,-T -Wl,../src/lscript.ld -L../../lab8_bsp/ps7_cortexa9_0/lib -o "lab8.elf"  ./src/main.o   -Wl,--start-group,-lxil,-lgcc,-lc,--end-group
'Finished building target: lab8.elf'
' '
'Invoking: ARM v7 Print Size'
arm-none-eabi-size lab8.elf  |tee "lab8.elf.size"
   text	   data	    bss	    dec	    hex	filename
  22464	   1144	  22568	  46176	   b460	lab8.elf
'Finished building: lab8.elf.size'
' '

08:37:22 Build Finished (took 864ms)

