10:50:37 **** Auto Build of configuration Debug for project bb_PmodAD1 ****
make pre-build main-build 
a9-linaro-pre-build-step
' '
'Building file: ../src/main.c'
'Invoking: ARM v7 gcc compiler'
arm-none-eabi-gcc -Wall -O0 -g3 -c -fmessage-length=0 -MT"src/main.o" -mcpu=cortex-a9 -mfpu=vfpv3 -mfloat-abi=hard -I../../bb_PmodAD1_bsp/ps7_cortexa9_0/include -MMD -MP -MF"src/main.d" -MT"src/main.o" -o "src/main.o" "../src/main.c"
'Finished building: ../src/main.c'
' '
'Building target: bb_PmodAD1.elf'
'Invoking: ARM v7 gcc linker'
arm-none-eabi-gcc -mcpu=cortex-a9 -mfpu=vfpv3 -mfloat-abi=hard -Wl,-build-id=none -specs=Xilinx.spec -Wl,-T -Wl,../src/lscript.ld -L../../bb_PmodAD1_bsp/ps7_cortexa9_0/lib -o "bb_PmodAD1.elf"  ./src/main.o   -Wl,--start-group,-lxil,-lgcc,-lc,--end-group
'Finished building target: bb_PmodAD1.elf'
' '
'Invoking: ARM v7 Print Size'
arm-none-eabi-size bb_PmodAD1.elf  |tee "bb_PmodAD1.elf.size"
   text	   data	    bss	    dec	    hex	filename
  74584	   2600	  24000	 101184	  18b40	bb_PmodAD1.elf
'Finished building: bb_PmodAD1.elf.size'
' '

10:50:37 Build Finished (took 602ms)

